Archive member included to satisfy reference by file (symbol)

c:/renesas/ra/e2studio_v2020-10_fsp_v2.1.0/toolchains/gcc_arm/9_2019q4/bin/../lib/gcc/arm-none-eabi/9.2.1/thumb/v8-m.base/nofp\libgcc.a(_clzsi2.o)
                              ./ra/fsp/src/r_adc/r_adc.o (__clzsi2)
c:/renesas/ra/e2studio_v2020-10_fsp_v2.1.0/toolchains/gcc_arm/9_2019q4/bin/../lib/gcc/arm-none-eabi/9.2.1/thumb/v8-m.base/nofp\libgcc.a(_muldi3.o)
                              ./ra/fsp/src/bsp/mcu/all/bsp_delay.o (__aeabi_lmul)
c:/renesas/ra/e2studio_v2020-10_fsp_v2.1.0/toolchains/gcc_arm/9_2019q4/bin/../lib/gcc/arm-none-eabi/9.2.1/thumb/v8-m.base/nofp\libgcc.a(addsf3.o)
                              ./src/hal_entry.o (__aeabi_fadd)
c:/renesas/ra/e2studio_v2020-10_fsp_v2.1.0/toolchains/gcc_arm/9_2019q4/bin/../lib/gcc/arm-none-eabi/9.2.1/thumb/v8-m.base/nofp\libgcc.a(mulsf3.o)
                              ./src/hal_entry.o (__aeabi_fmul)
c:/renesas/ra/e2studio_v2020-10_fsp_v2.1.0/toolchains/gcc_arm/9_2019q4/bin/../lib/gcc/arm-none-eabi/9.2.1/thumb/v8-m.base/nofp\libgcc.a(floatunsisf.o)
                              ./src/hal_entry.o (__aeabi_ui2f)
c:/renesas/ra/e2studio_v2020-10_fsp_v2.1.0/toolchains/gcc_arm/9_2019q4/bin/../lib/gcc/arm-none-eabi/9.2.1/thumb/v8-m.base/nofp\libgcc.a(extendsfdf2.o)
                              ./src/hal_entry.o (__aeabi_f2d)
c:/renesas/ra/e2studio_v2020-10_fsp_v2.1.0/toolchains/gcc_arm/9_2019q4/bin/../lib/gcc/arm-none-eabi/9.2.1/../../../../arm-none-eabi/lib/thumb/v8-m.base/nofp\libg_nano.a(lib_a-errno.o)
                              ./ra/fsp/src/bsp/mcu/all/bsp_sbrk.o (__errno)
c:/renesas/ra/e2studio_v2020-10_fsp_v2.1.0/toolchains/gcc_arm/9_2019q4/bin/../lib/gcc/arm-none-eabi/9.2.1/../../../../arm-none-eabi/lib/thumb/v8-m.base/nofp\libg_nano.a(lib_a-exit.o)
                              c:/renesas/ra/e2studio_v2020-10_fsp_v2.1.0/toolchains/gcc_arm/9_2019q4/bin/../lib/gcc/arm-none-eabi/9.2.1/../../../../arm-none-eabi/lib/thumb/v8-m.base/nofp/rdimon-crt0.o (exit)
c:/renesas/ra/e2studio_v2020-10_fsp_v2.1.0/toolchains/gcc_arm/9_2019q4/bin/../lib/gcc/arm-none-eabi/9.2.1/../../../../arm-none-eabi/lib/thumb/v8-m.base/nofp\libg_nano.a(lib_a-impure.o)
                              c:/renesas/ra/e2studio_v2020-10_fsp_v2.1.0/toolchains/gcc_arm/9_2019q4/bin/../lib/gcc/arm-none-eabi/9.2.1/../../../../arm-none-eabi/lib/thumb/v8-m.base/nofp\libg_nano.a(lib_a-exit.o) (_global_impure_ptr)
c:/renesas/ra/e2studio_v2020-10_fsp_v2.1.0/toolchains/gcc_arm/9_2019q4/bin/../lib/gcc/arm-none-eabi/9.2.1/../../../../arm-none-eabi/lib/thumb/v8-m.base/nofp\libg_nano.a(lib_a-init.o)
                              c:/renesas/ra/e2studio_v2020-10_fsp_v2.1.0/toolchains/gcc_arm/9_2019q4/bin/../lib/gcc/arm-none-eabi/9.2.1/../../../../arm-none-eabi/lib/thumb/v8-m.base/nofp/rdimon-crt0.o (__libc_init_array)
c:/renesas/ra/e2studio_v2020-10_fsp_v2.1.0/toolchains/gcc_arm/9_2019q4/bin/../lib/gcc/arm-none-eabi/9.2.1/../../../../arm-none-eabi/lib/thumb/v8-m.base/nofp\libg_nano.a(lib_a-memcpy-stub.o)
                              ./src/hal_entry.o (memcpy)
c:/renesas/ra/e2studio_v2020-10_fsp_v2.1.0/toolchains/gcc_arm/9_2019q4/bin/../lib/gcc/arm-none-eabi/9.2.1/../../../../arm-none-eabi/lib/thumb/v8-m.base/nofp\libg_nano.a(lib_a-memset.o)
                              c:/renesas/ra/e2studio_v2020-10_fsp_v2.1.0/toolchains/gcc_arm/9_2019q4/bin/../lib/gcc/arm-none-eabi/9.2.1/../../../../arm-none-eabi/lib/thumb/v8-m.base/nofp/rdimon-crt0.o (memset)
c:/renesas/ra/e2studio_v2020-10_fsp_v2.1.0/toolchains/gcc_arm/9_2019q4/bin/../lib/gcc/arm-none-eabi/9.2.1/../../../../arm-none-eabi/lib/thumb/v8-m.base/nofp\libg_nano.a(lib_a-nano-vfprintf_float.o)
                              (_printf_float)
c:/renesas/ra/e2studio_v2020-10_fsp_v2.1.0/toolchains/gcc_arm/9_2019q4/bin/../lib/gcc/arm-none-eabi/9.2.1/../../../../arm-none-eabi/lib/thumb/v8-m.base/nofp\libg_nano.a(lib_a-nano-vfprintf_i.o)
                              c:/renesas/ra/e2studio_v2020-10_fsp_v2.1.0/toolchains/gcc_arm/9_2019q4/bin/../lib/gcc/arm-none-eabi/9.2.1/../../../../arm-none-eabi/lib/thumb/v8-m.base/nofp\libg_nano.a(lib_a-nano-vfprintf_float.o) (_printf_common)
c:/renesas/ra/e2studio_v2020-10_fsp_v2.1.0/toolchains/gcc_arm/9_2019q4/bin/../lib/gcc/arm-none-eabi/9.2.1/../../../../arm-none-eabi/lib/thumb/v8-m.base/nofp\libg_nano.a(lib_a-sprintf.o)
                              ./src/hal_entry.o (sprintf)
c:/renesas/ra/e2studio_v2020-10_fsp_v2.1.0/toolchains/gcc_arm/9_2019q4/bin/../lib/gcc/arm-none-eabi/9.2.1/../../../../arm-none-eabi/lib/thumb/v8-m.base/nofp\libg_nano.a(lib_a-strlen.o)
                              ./src/hal_entry.o (strlen)
c:/renesas/ra/e2studio_v2020-10_fsp_v2.1.0/toolchains/gcc_arm/9_2019q4/bin/../lib/gcc/arm-none-eabi/9.2.1/../../../../arm-none-eabi/lib/thumb/v8-m.base/nofp\libg_nano.a(lib_a-dtoa.o)
[...]
Memory Configuration

Name             Origin             Length             Attributes
FLASH            0x00000000         0x00040000         xr
RAM              0x20000000         0x00008000         xrw
DATA_FLASH       0x40100000         0x00002000         xr
QSPI_FLASH       0x60000000         0x00000000         xr
OSPI_DEVICE_0    0x68000000         0x00000000         xr
OSPI_DEVICE_1    0x70000000         0x00000000         xr
SDRAM            0x90000000         0x00000000         xrw
OPTION_SETTING   0x00000000         0x00000000         r
OPTION_SETTING_S 0x00000000         0x00000000         r
ID_CODE          0x01010018         0x00000020         xr
*default*        0x00000000         0xffffffff

Linker script and memory map

LOAD c:/renesas/ra/e2studio_v2020-10_fsp_v2.1.0/toolchains/gcc_arm/9_2019q4/bin/../lib/gcc/arm-none-eabi/9.2.1/thumb/v8-m.base/nofp/crti.o
LOAD c:/renesas/ra/e2studio_v2020-10_fsp_v2.1.0/toolchains/gcc_arm/9_2019q4/bin/../lib/gcc/arm-none-eabi/9.2.1/thumb/v8-m.base/nofp/crtbegin.o
LOAD c:/renesas/ra/e2studio_v2020-10_fsp_v2.1.0/toolchains/gcc_arm/9_2019q4/bin/../lib/gcc/arm-none-eabi/9.2.1/../../../../arm-none-eabi/lib/thumb/v8-m.base/nofp/rdimon-crt0.o
START GROUP
LOAD ./src/common_init.o
LOAD ./src/hal_entry.o
LOAD ./src/r_usb_pcdc_descriptor.o
LOAD ./ra_gen/common_data.o
LOAD ./ra_gen/hal_data.o
LOAD ./ra_gen/main.o
LOAD ./ra_gen/pin_data.o
LOAD ./ra_gen/vector_data.o
LOAD ./ra/fsp/src/r_usb_pcdc/src/r_usb_pcdc_driver.o
LOAD ./ra/fsp/src/r_usb_basic/src/hw/r_usb_creg_abs.o
LOAD ./ra/fsp/src/r_usb_basic/src/hw/r_usb_creg_access.o
LOAD ./ra/fsp/src/r_usb_basic/src/hw/r_usb_dma.o
LOAD ./ra/fsp/src/r_usb_basic/src/hw/r_usb_hostelectrical.o
LOAD ./ra/fsp/src/r_usb_basic/src/hw/r_usb_hreg_abs.o
LOAD ./ra/fsp/src/r_usb_basic/src/hw/r_usb_hreg_access.o
LOAD ./ra/fsp/src/r_usb_basic/src/hw/r_usb_mcu.o
LOAD ./ra/fsp/src/r_usb_basic/src/hw/r_usb_preg_abs.o
LOAD ./ra/fsp/src/r_usb_basic/src/hw/r_usb_preg_access.o
LOAD ./ra/fsp/src/r_usb_basic/src/driver/r_usb_cdataio.o
LOAD ./ra/fsp/src/r_usb_basic/src/driver/r_usb_clibusbip.o
LOAD ./ra/fsp/src/r_usb_basic/src/driver/r_usb_cstd_rtos.o
LOAD ./ra/fsp/src/r_usb_basic/src/driver/r_usb_hbc.o
LOAD ./ra/fsp/src/r_usb_basic/src/driver/r_usb_hcontrolrw.o
LOAD ./ra/fsp/src/r_usb_basic/src/driver/r_usb_hdriver.o
LOAD ./ra/fsp/src/r_usb_basic/src/driver/r_usb_hhubsys.o
LOAD ./ra/fsp/src/r_usb_basic/src/driver/r_usb_hintfifo.o
LOAD ./ra/fsp/src/r_usb_basic/src/driver/r_usb_hinthandler_usbip0.o
LOAD ./ra/fsp/src/r_usb_basic/src/driver/r_usb_hinthandler_usbip1.o
LOAD ./ra/fsp/src/r_usb_basic/src/driver/r_usb_hlibusbip.o
LOAD ./ra/fsp/src/r_usb_basic/src/driver/r_usb_hmanager.o
LOAD ./ra/fsp/src/r_usb_basic/src/driver/r_usb_hscheduler.o
LOAD ./ra/fsp/src/r_usb_basic/src/driver/r_usb_hsignal.o
LOAD ./ra/fsp/src/r_usb_basic/src/driver/r_usb_hstdfunction.o
LOAD ./ra/fsp/src/r_usb_basic/src/driver/r_usb_pbc.o
LOAD ./ra/fsp/src/r_usb_basic/src/driver/r_usb_pcontrolrw.o
LOAD ./ra/fsp/src/r_usb_basic/src/driver/r_usb_pdriver.o
LOAD ./ra/fsp/src/r_usb_basic/src/driver/r_usb_pintfifo.o
LOAD ./ra/fsp/src/r_usb_basic/src/driver/r_usb_pinthandler_usbip0.o
LOAD ./ra/fsp/src/r_usb_basic/src/driver/r_usb_plibusbip.o
LOAD ./ra/fsp/src/r_usb_basic/src/driver/r_usb_psignal.o
LOAD ./ra/fsp/src/r_usb_basic/src/driver/r_usb_pstdfunction.o
LOAD ./ra/fsp/src/r_usb_basic/src/driver/r_usb_pstdrequest.o
LOAD ./ra/fsp/src/r_usb_basic/r_usb_basic.o
LOAD ./ra/fsp/src/r_ioport/r_ioport.o
LOAD ./ra/fsp/src/r_icu/r_icu.o
LOAD ./ra/fsp/src/r_gpt/r_gpt.o
LOAD ./ra/fsp/src/r_adc/r_adc.o
LOAD ./ra/fsp/src/bsp/mcu/all/bsp_clocks.o
LOAD ./ra/fsp/src/bsp/mcu/all/bsp_common.o
LOAD ./ra/fsp/src/bsp/mcu/all/bsp_delay.o
LOAD ./ra/fsp/src/bsp/mcu/all/bsp_group_irq.o
LOAD ./ra/fsp/src/bsp/mcu/all/bsp_guard.o
LOAD ./ra/fsp/src/bsp/mcu/all/bsp_io.o
LOAD ./ra/fsp/src/bsp/mcu/all/bsp_irq.o
LOAD ./ra/fsp/src/bsp/mcu/all/bsp_register_protection.o
LOAD ./ra/fsp/src/bsp/mcu/all/bsp_rom_registers.o
LOAD ./ra/fsp/src/bsp/mcu/all/bsp_sbrk.o
LOAD ./ra/fsp/src/bsp/mcu/all/bsp_security.o
LOAD ./ra/fsp/src/bsp/cmsis/Device/RENESAS/Source/startup.o
LOAD ./ra/fsp/src/bsp/cmsis/Device/RENESAS/Source/system.o
LOAD ./ra/board/ra2a1_ek/board_init.o
LOAD ./ra/board/ra2a1_ek/board_leds.o
END GROUP
START GROUP
LOAD c:/renesas/ra/e2studio_v2020-10_fsp_v2.1.0/toolchains/gcc_arm/9_2019q4/bin/../lib/gcc/arm-none-eabi/9.2.1/thumb/v8-m.base/nofp\libgcc.a
LOAD c:/renesas/ra/e2studio_v2020-10_fsp_v2.1.0/toolchains/gcc_arm/9_2019q4/bin/../lib/gcc/arm-none-eabi/9.2.1/../../../../arm-none-eabi/lib/thumb/v8-m.base/nofp\libg_nano.a
LOAD c:/renesas/ra/e2studio_v2020-10_fsp_v2.1.0/toolchains/gcc_arm/9_2019q4/bin/../lib/gcc/arm-none-eabi/9.2.1/../../../../arm-none-eabi/lib/thumb/v8-m.base/nofp\libc_nano.a
END GROUP
START GROUP
LOAD c:/renesas/ra/e2studio_v2020-10_fsp_v2.1.0/toolchains/gcc_arm/9_2019q4/bin/../lib/gcc/arm-none-eabi/9.2.1/thumb/v8-m.base/nofp\libgcc.a
LOAD c:/renesas/ra/e2studio_v2020-10_fsp_v2.1.0/toolchains/gcc_arm/9_2019q4/bin/../lib/gcc/arm-none-eabi/9.2.1/../../../../arm-none-eabi/lib/thumb/v8-m.base/nofp\libc_nano.a
LOAD c:/renesas/ra/e2studio_v2020-10_fsp_v2.1.0/toolchains/gcc_arm/9_2019q4/bin/../lib/gcc/arm-none-eabi/9.2.1/../../../../arm-none-eabi/lib/thumb/v8-m.base/nofp\librdimon_nano.a
END GROUP
START GROUP
LOAD c:/renesas/ra/e2studio_v2020-10_fsp_v2.1.0/toolchains/gcc_arm/9_2019q4/bin/../lib/gcc/arm-none-eabi/9.2.1/thumb/v8-m.base/nofp\libgcc.a
LOAD c:/renesas/ra/e2studio_v2020-10_fsp_v2.1.0/toolchains/gcc_arm/9_2019q4/bin/../lib/gcc/arm-none-eabi/9.2.1/../../../../arm-none-eabi/lib/thumb/v8-m.base/nofp\libc_nano.a
LOAD c:/renesas/ra/e2studio_v2020-10_fsp_v2.1.0/toolchains/gcc_arm/9_2019q4/bin/../lib/gcc/arm-none-eabi/9.2.1/../../../../arm-none-eabi/lib/thumb/v8-m.base/nofp\librdimon_nano.a
END GROUP
LOAD c:/renesas/ra/e2studio_v2020-10_fsp_v2.1.0/toolchains/gcc_arm/9_2019q4/bin/../lib/gcc/arm-none-eabi/9.2.1/thumb/v8-m.base/nofp/crtend.o
LOAD c:/renesas/ra/e2studio_v2020-10_fsp_v2.1.0/toolchains/gcc_arm/9_2019q4/bin/../lib/gcc/arm-none-eabi/9.2.1/thumb/v8-m.base/nofp/crtn.o
                0x20000000                RAM_START = 0x20000000
                0x00008000                RAM_LENGTH = 0x8000
                0x00000000                FLASH_START = 0x0
                0x00040000                FLASH_LENGTH = 0x40000
                0x40100000                DATA_FLASH_START = 0x40100000
                0x00002000                DATA_FLASH_LENGTH = 0x2000
                0x00000000                OPTION_SETTING_START = 0x0
                0x00000000                OPTION_SETTING_LENGTH = 0x0
                0x00000000                OPTION_SETTING_S_START = 0x0
                0x00000000                OPTION_SETTING_S_LENGTH = 0x0
                0x01010018                ID_CODE_START = 0x1010018
                0x00000020                ID_CODE_LENGTH = 0x20
                0x90000000                SDRAM_START = 0x90000000
                0x00000000                SDRAM_LENGTH = 0x0
                0x60000000                QSPI_FLASH_START = 0x60000000
                0x00000000                QSPI_FLASH_LENGTH = 0x0
                0x68000000                OSPI_DEVICE_0_START = 0x68000000
                0x00000000                OSPI_DEVICE_0_LENGTH = 0x0
                0x70000000                OSPI_DEVICE_1_START = 0x70000000
                0x00000000                OSPI_DEVICE_1_LENGTH = 0x0
                0x00000000                QSPI_FLASH_PRV_LENGTH = DEFINED (QSPI_FLASH_SIZE)?ABSOLUTE (QSPI_FLASH_SIZE):ABSOLUTE (QSPI_FLASH_LENGTH)
                0x00000000                OSPI_DEVICE_0_PRV_LENGTH = DEFINED (OSPI_DEVICE_0_SIZE)?ABSOLUTE (OSPI_DEVICE_0_SIZE):ABSOLUTE (OSPI_DEVICE_0_LENGTH)
                0x00000000                OSPI_DEVICE_1_PRV_LENGTH = DEFINED (OSPI_DEVICE_1_SIZE)?ABSOLUTE (OSPI_DEVICE_1_SIZE):ABSOLUTE (OSPI_DEVICE_1_LENGTH)
                0x00000000                __TZ_NS_PROJECT = ((LENGTH (OPTION_SETTING) && DEFINED (OPTION_SETTING_S_START)) && (ABSOLUTE (OPTION_SETTING_START_S) != ORIGIN (OPTION_SETTING)))
                0x00000000                __TZ_S_PROJECT = ((LENGTH (OPTION_SETTING) && DEFINED (OPTION_SETTING_S_START)) && (ABSOLUTE (OPTION_SETTING_START_S) == ORIGIN (OPTION_SETTING)))
                0x00000000                __RESERVE_NS_RAM = (__TZ_S_PROJECT && DEFINED (RAM_NS_BUFFER_LENGTH))
                0x00000000                RAM_NS_BUFFER_BLOCK_LENGTH = DEFINED (RAM_NS_BUFFER_LENGTH)?ALIGN (RAM_NS_BUFFER_LENGTH, 0x2000):0x0
                0x00000000                RAM_NS_BUFFER_LENGTH = DEFINED (RAM_NS_BUFFER_LENGTH)?RAM_NS_BUFFER_LENGTH:0x0
                0x20008000                RAM_NS_BUFFER_START = ((RAM_START + RAM_LENGTH) - RAM_NS_BUFFER_LENGTH)
                0x20008000                RAM_NS_BUFFER_BLOCK_START = ((RAM_START + RAM_LENGTH) - RAM_NS_BUFFER_BLOCK_LENGTH)
                0x0100a180                OPTION_SETTING_START_NS = 0x100a180
                0x0100a100                OPTION_SETTING_START_S = 0x100a100
START GROUP
LOAD c:/renesas/ra/e2studio_v2020-10_fsp_v2.1.0/toolchains/gcc_arm/9_2019q4/bin/../lib/gcc/arm-none-eabi/9.2.1/thumb/v8-m.base/nofp\libgcc.a
LOAD c:/renesas/ra/e2studio_v2020-10_fsp_v2.1.0/toolchains/gcc_arm/9_2019q4/bin/../lib/gcc/arm-none-eabi/9.2.1/../../../../arm-none-eabi/lib/thumb/v8-m.base/nofp\libc.a
LOAD c:/renesas/ra/e2studio_v2020-10_fsp_v2.1.0/toolchains/gcc_arm/9_2019q4/bin/../lib/gcc/arm-none-eabi/9.2.1/../../../../arm-none-eabi/lib/thumb/v8-m.base/nofp\libm.a
LOAD c:/renesas/ra/e2studio_v2020-10_fsp_v2.1.0/toolchains/gcc_arm/9_2019q4/bin/../lib/gcc/arm-none-eabi/9.2.1/../../../../arm-none-eabi/lib/thumb/v8-m.base/nofp\libnosys.a
END GROUP

.text           0x00000000     0xb174
                0x00000000                __tz_FLASH_S = ABSOLUTE (FLASH_START)
                0x00000000                __ROM_Start = .
 *(.fixed_vectors*)
 .fixed_vectors
                0x00000000       0x40 ./ra/fsp/src/bsp/cmsis/Device/RENESAS/Source/startup.o
                0x00000000                __Vectors
 *(.application_vectors*)
 .application_vectors
                0x00000040       0x80 ./ra_gen/vector_data.o
                0x00000040                g_vector_table
                0x000000c0                __Vectors_End = .
                0x00000400                . = (__ROM_Start + 0x400)
 *fill*         0x000000c0      0x340 ff
 *(.rom_registers*)
 .rom_registers
                0x00000400       0x3c ./ra/fsp/src/bsp/mcu/all/bsp_rom_registers.o
                0x00000500                . = (__ROM_Start + 0x500)
 *fill*         0x0000043c       0xc4 ff
 *(.text*)
 .text          0x00000500       0x50 c:/renesas/ra/e2studio_v2020-10_fsp_v2.1.0/toolchains/gcc_arm/9_2019q4/bin/../lib/gcc/arm-none-eabi/9.2.1/thumb/v8-m.base/nofp/crtbegin.o
 .text.button_irq06_callback
                0x00000550       0x4c ./src/common_init.o
                0x00000550                button_irq06_callback
 .text.gpt_blink_callback
                0x0000059c       0x6c ./src/common_init.o
                0x0000059c                gpt_blink_callback
 .text.adc_reading
                0x00000608       0x54 ./src/common_init.o
                0x00000608                adc_reading
 .text.common_init
                0x0000065c      0x118 ./src/common_init.o
                0x0000065c                common_init
 .text.print_to_console
                0x00000774       0x5c ./src/hal_entry.o
 .text.hal_entry
                0x000007d0      0x3cc ./src/hal_entry.o
                0x000007d0                hal_entry
 .text.R_BSP_WarmStart
                0x00000b9c       0x20 ./src/hal_entry.o
                0x00000b9c                R_BSP_WarmStart
 .text.startup.main
                0x00000bbc        0xc ./ra_gen/main.o
                0x00000bbc                main
 .text.usb_pcdc_read_complete
                0x00000bc8       0x6c ./ra/fsp/src/r_usb_pcdc/src/r_usb_pcdc_driver.o
                0x00000bc8                usb_pcdc_read_complete
 .text.usb_pcdc_write_complete
                0x00000c34       0x58 ./ra/fsp/src/r_usb_pcdc/src/r_usb_pcdc_driver.o
                0x00000c34                usb_pcdc_write_complete
 .text.usb_cstd_chg_curpipe.part.0
                0x00000c8c       0x2c ./ra/fsp/src/r_usb_basic/src/hw/r_usb_creg_abs.o
 .text.usb_cstd_get_buf_size
                0x00000cb8       0x34 ./ra/fsp/src/r_usb_basic/src/hw/r_usb_creg_abs.o
                0x00000cb8                usb_cstd_get_buf_size
 .text.usb_cstd_pipe_init
                0x00000cec      0x13c ./ra/fsp/src/r_usb_basic/src/hw/r_usb_creg_abs.o
                0x00000cec                usb_cstd_pipe_init
 .text.usb_cstd_clr_pipe_cnfg
                0x00000e28       0xbc ./ra/fsp/src/r_usb_basic/src/hw/r_usb_creg_abs.o
                0x00000e28                usb_cstd_clr_pipe_cnfg
 .text.usb_cstd_set_nak
                0x00000ee4       0x2c ./ra/fsp/src/r_usb_basic/src/hw/r_usb_creg_abs.o
                0x00000ee4                usb_cstd_set_nak
 .text.usb_cstd_is_set_frdy
                0x00000f10       0x44 ./ra/fsp/src/r_usb_basic/src/hw/r_usb_creg_abs.o
                0x00000f10                usb_cstd_is_set_frdy
 .text.usb_cstd_chg_curpipe
                0x00000f54       0x10 ./ra/fsp/src/r_usb_basic/src/hw/r_usb_creg_abs.o
                0x00000f54                usb_cstd_chg_curpipe
 .text.usb_cstd_set_transaction_counter
                0x00000f64       0x20 ./ra/fsp/src/r_usb_basic/src/hw/r_usb_creg_abs.o
                0x00000f64                usb_cstd_set_transaction_counter
 .text.usb_cstd_clr_transaction_counter
                0x00000f84       0x14 ./ra/fsp/src/r_usb_basic/src/hw/r_usb_creg_abs.o
                0x00000f84                usb_cstd_clr_transaction_counter
 .text.hw_usb_read_syscfg
                0x00000f98       0x30 ./ra/fsp/src/r_usb_basic/src/hw/r_usb_creg_access.o
                0x00000f98                hw_usb_read_syscfg
 .text.hw_usb_read_syssts
                0x00000fc8       0x30 ./ra/fsp/src/r_usb_basic/src/hw/r_usb_creg_access.o
                0x00000fc8                hw_usb_read_syssts
 .text.hw_usb_read_dvstctr
                0x00000ff8       0x30 ./ra/fsp/src/r_usb_basic/src/hw/r_usb_creg_access.o
                0x00000ff8                hw_usb_read_dvstctr
 .text.hw_usb_read_fifo16
                0x00001028       0x38 ./ra/fsp/src/r_usb_basic/src/hw/r_usb_creg_access.o
                0x00001028                hw_usb_read_fifo16
 .text.hw_usb_write_fifo16
                0x00001060       0x70 ./ra/fsp/src/r_usb_basic/src/hw/r_usb_creg_access.o
                0x00001060                hw_usb_write_fifo16
 .text.hw_usb_write_fifo8
                0x000010d0       0x70 ./ra/fsp/src/r_usb_basic/src/hw/r_usb_creg_access.o
                0x000010d0                hw_usb_write_fifo8
 .text.hw_usb_read_fifosel
                0x00001140       0x7c ./ra/fsp/src/r_usb_basic/src/hw/r_usb_creg_access.o
                0x00001140                hw_usb_read_fifosel
 .text.hw_usb_rmw_fifosel
                0x000011bc       0x84 ./ra/fsp/src/r_usb_basic/src/hw/r_usb_creg_access.o
                0x000011bc                hw_usb_rmw_fifosel
 .text.hw_usb_set_mbw
                0x00001240       0x94 ./ra/fsp/src/r_usb_basic/src/hw/r_usb_creg_access.o
                0x00001240                hw_usb_set_mbw
 .text.hw_usb_read_fifoctr
                0x000012d4       0x7c ./ra/fsp/src/r_usb_basic/src/hw/r_usb_creg_access.o
                0x000012d4                hw_usb_read_fifoctr
 .text.hw_usb_set_bval
                0x00001350       0x84 ./ra/fsp/src/r_usb_basic/src/hw/r_usb_creg_access.o
                0x00001350                hw_usb_set_bval
 .text.hw_usb_set_bclr
                0x000013d4       0x80 ./ra/fsp/src/r_usb_basic/src/hw/r_usb_creg_access.o
                0x000013d4                hw_usb_set_bclr
 .text.hw_usb_set_brdyenb
                0x00001454       0x34 ./ra/fsp/src/r_usb_basic/src/hw/r_usb_creg_access.o
                0x00001454                hw_usb_set_brdyenb
 .text.hw_usb_clear_brdyenb
                0x00001488       0x30 ./ra/fsp/src/r_usb_basic/src/hw/r_usb_creg_access.o
                0x00001488                hw_usb_clear_brdyenb
 .text.hw_usb_set_nrdyenb
                0x000014b8       0x34 ./ra/fsp/src/r_usb_basic/src/hw/r_usb_creg_access.o
                0x000014b8                hw_usb_set_nrdyenb
 .text.hw_usb_clear_nrdyenb
                0x000014ec       0x30 ./ra/fsp/src/r_usb_basic/src/hw/r_usb_creg_access.o
                0x000014ec                hw_usb_clear_nrdyenb
 .text.hw_usb_set_bempenb
                0x0000151c       0x48 ./ra/fsp/src/r_usb_basic/src/hw/r_usb_creg_access.o
                0x0000151c                hw_usb_set_bempenb
 .text.hw_usb_clear_bempenb
                0x00001564       0x30 ./ra/fsp/src/r_usb_basic/src/hw/r_usb_creg_access.o
                0x00001564                hw_usb_clear_bempenb
 .text.hw_usb_read_intsts
                0x00001594       0x1c ./ra/fsp/src/r_usb_basic/src/hw/r_usb_creg_access.o
                0x00001594                hw_usb_read_intsts
 .text.hw_usb_clear_sts_brdy
                0x000015b0       0x44 ./ra/fsp/src/r_usb_basic/src/hw/r_usb_creg_access.o
                0x000015b0                hw_usb_clear_sts_brdy
 .text.hw_usb_clear_status_nrdy
                0x000015f4       0x44 ./ra/fsp/src/r_usb_basic/src/hw/r_usb_creg_access.o
                0x000015f4                hw_usb_clear_status_nrdy
 .text.hw_usb_clear_status_bemp
                0x00001638       0x44 ./ra/fsp/src/r_usb_basic/src/hw/r_usb_creg_access.o
                0x00001638                hw_usb_clear_status_bemp
 .text.hw_usb_read_frmnum
                0x0000167c       0x34 ./ra/fsp/src/r_usb_basic/src/hw/r_usb_creg_access.o
                0x0000167c                hw_usb_read_frmnum
 .text.hw_usb_read_usbreq
                0x000016b0       0x1c ./ra/fsp/src/r_usb_basic/src/hw/r_usb_creg_access.o
                0x000016b0                hw_usb_read_usbreq
 .text.hw_usb_read_usbval
                0x000016cc       0x1c ./ra/fsp/src/r_usb_basic/src/hw/r_usb_creg_access.o
                0x000016cc                hw_usb_read_usbval
 .text.hw_usb_read_usbindx
                0x000016e8       0x1c ./ra/fsp/src/r_usb_basic/src/hw/r_usb_creg_access.o
                0x000016e8                hw_usb_read_usbindx
 .text.hw_usb_read_usbleng
                0x00001704       0x1c ./ra/fsp/src/r_usb_basic/src/hw/r_usb_creg_access.o
                0x00001704                hw_usb_read_usbleng
 .text.hw_usb_read_dcpcfg
                0x00001720       0x34 ./ra/fsp/src/r_usb_basic/src/hw/r_usb_creg_access.o
                0x00001720                hw_usb_read_dcpcfg
 .text.hw_usb_write_dcpcfg
                0x00001754       0x30 ./ra/fsp/src/r_usb_basic/src/hw/r_usb_creg_access.o
                0x00001754                hw_usb_write_dcpcfg
 .text.hw_usb_read_dcpmaxp
                0x00001784       0x34 ./ra/fsp/src/r_usb_basic/src/hw/r_usb_creg_access.o
                0x00001784                hw_usb_read_dcpmaxp
 .text.hw_usb_write_dcpmxps
                0x000017b8       0x30 ./ra/fsp/src/r_usb_basic/src/hw/r_usb_creg_access.o
                0x000017b8                hw_usb_write_dcpmxps
 .text.hw_usb_read_dcpctr
                0x000017e8       0x1c ./ra/fsp/src/r_usb_basic/src/hw/r_usb_creg_access.o
                0x000017e8                hw_usb_read_dcpctr
 .text.hw_usb_write_pipesel
                0x00001804       0x30 ./ra/fsp/src/r_usb_basic/src/hw/r_usb_creg_access.o
                0x00001804                hw_usb_write_pipesel
 .text.hw_usb_read_pipecfg
                0x00001834       0x34 ./ra/fsp/src/r_usb_basic/src/hw/r_usb_creg_access.o
                0x00001834                hw_usb_read_pipecfg
 .text.hw_usb_write_pipecfg
                0x00001868       0x30 ./ra/fsp/src/r_usb_basic/src/hw/r_usb_creg_access.o
                0x00001868                hw_usb_write_pipecfg
 .text.hw_usb_read_pipemaxp
                0x00001898       0x34 ./ra/fsp/src/r_usb_basic/src/hw/r_usb_creg_access.o
                0x00001898                hw_usb_read_pipemaxp
 .text.hw_usb_write_pipemaxp
                0x000018cc       0x30 ./ra/fsp/src/r_usb_basic/src/hw/r_usb_creg_access.o
                0x000018cc                hw_usb_write_pipemaxp
 .text.hw_usb_write_pipeperi
                0x000018fc       0x30 ./ra/fsp/src/r_usb_basic/src/hw/r_usb_creg_access.o
                0x000018fc                hw_usb_write_pipeperi
 .text.hw_usb_read_pipectr
                0x0000192c       0x60 ./ra/fsp/src/r_usb_basic/src/hw/r_usb_creg_access.o
                0x0000192c                hw_usb_read_pipectr
 .text.hw_usb_set_csclr
                0x0000198c       0x3c ./ra/fsp/src/r_usb_basic/src/hw/r_usb_creg_access.o
                0x0000198c                hw_usb_set_csclr
 .text.hw_usb_set_aclrm
                0x000019c8       0x38 ./ra/fsp/src/r_usb_basic/src/hw/r_usb_creg_access.o
                0x000019c8                hw_usb_set_aclrm
 .text.hw_usb_clear_aclrm
                0x00001a00       0x3c ./ra/fsp/src/r_usb_basic/src/hw/r_usb_creg_access.o
                0x00001a00                hw_usb_clear_aclrm
 .text.hw_usb_set_sqclr
                0x00001a3c       0x5c ./ra/fsp/src/r_usb_basic/src/hw/r_usb_creg_access.o
                0x00001a3c                hw_usb_set_sqclr
 .text.hw_usb_set_pid
                0x00001a98       0x58 ./ra/fsp/src/r_usb_basic/src/hw/r_usb_creg_access.o
                0x00001a98                hw_usb_set_pid
 .text.hw_usb_clear_pid
                0x00001af0       0x50 ./ra/fsp/src/r_usb_basic/src/hw/r_usb_creg_access.o
                0x00001af0                hw_usb_clear_pid
 .text.hw_usb_set_trenb
                0x00001b40       0x3c ./ra/fsp/src/r_usb_basic/src/hw/r_usb_creg_access.o
                0x00001b40                hw_usb_set_trenb
 .text.hw_usb_clear_trenb
                0x00001b7c       0x3c ./ra/fsp/src/r_usb_basic/src/hw/r_usb_creg_access.o
                0x00001b7c                hw_usb_clear_trenb
 .text.hw_usb_set_trclr
                0x00001bb8       0x3c ./ra/fsp/src/r_usb_basic/src/hw/r_usb_creg_access.o
                0x00001bb8                hw_usb_set_trclr
 .text.hw_usb_write_pipetrn
                0x00001bf4       0x38 ./ra/fsp/src/r_usb_basic/src/hw/r_usb_creg_access.o
                0x00001bf4                hw_usb_write_pipetrn
 .text.hw_usb_read_bcctrl
                0x00001c2c        0x4 ./ra/fsp/src/r_usb_basic/src/hw/r_usb_creg_access.o
                0x00001c2c                hw_usb_read_bcctrl
 .text.hw_usb_set_suspendm
                0x00001c30        0x4 ./ra/fsp/src/r_usb_basic/src/hw/r_usb_creg_access.o
                0x00001c30                hw_usb_set_suspendm
 .text.hw_usb_clear_suspm
                0x00001c34        0x4 ./ra/fsp/src/r_usb_basic/src/hw/r_usb_creg_access.o
                0x00001c34                hw_usb_clear_suspm
 .text.usb_module_start
                0x00001c38       0x3c ./ra/fsp/src/r_usb_basic/src/hw/r_usb_mcu.o
                0x00001c38                usb_module_start
 .text.usb_cpu_usbint_init
                0x00001c74      0x110 ./ra/fsp/src/r_usb_basic/src/hw/r_usb_mcu.o
                0x00001c74                usb_cpu_usbint_init
 .text.usb_cpu_delay_1us
                0x00001d84        0xc ./ra/fsp/src/r_usb_basic/src/hw/r_usb_mcu.o
                0x00001d84                usb_cpu_delay_1us
 .text.usb_cpu_delay_xms
                0x00001d90        0xc ./ra/fsp/src/r_usb_basic/src/hw/r_usb_mcu.o
                0x00001d90                usb_cpu_delay_xms
 .text.usbfs_interrupt_handler
                0x00001d9c       0x38 ./ra/fsp/src/r_usb_basic/src/hw/r_usb_mcu.o
                0x00001d9c                usbfs_interrupt_handler
 .text.usbfs_resume_handler
                0x00001dd4       0x38 ./ra/fsp/src/r_usb_basic/src/hw/r_usb_mcu.o
                0x00001dd4                usbfs_resume_handler
 .text.usb_pstd_interrupt_handler
                0x00001e0c      0x2d4 ./ra/fsp/src/r_usb_basic/src/hw/r_usb_preg_abs.o
                0x00001e0c                usb_pstd_interrupt_handler
 .text.usb_pstd_save_request
                0x000020e0       0x4c ./ra/fsp/src/r_usb_basic/src/hw/r_usb_preg_abs.o
                0x000020e0                usb_pstd_save_request
 .text.usb_pstd_chk_configured
                0x0000212c       0x18 ./ra/fsp/src/r_usb_basic/src/hw/r_usb_preg_abs.o
                0x0000212c                usb_pstd_chk_configured
 .text.usb_pstd_test_mode
                0x00002144        0x4 ./ra/fsp/src/r_usb_basic/src/hw/r_usb_preg_abs.o
                0x00002144                usb_pstd_test_mode
 .text.usb_pstd_resume_process
                0x00002148       0x14 ./ra/fsp/src/r_usb_basic/src/hw/r_usb_preg_abs.o
                0x00002148                usb_pstd_resume_process
 .text.usb_pstd_set_stall
                0x0000215c       0x10 ./ra/fsp/src/r_usb_basic/src/hw/r_usb_preg_abs.o
                0x0000215c                usb_pstd_set_stall
 .text.usb_pstd_set_stall_pipe0
                0x0000216c        0xc ./ra/fsp/src/r_usb_basic/src/hw/r_usb_preg_abs.o
                0x0000216c                usb_pstd_set_stall_pipe0
 .text.usb_pstd_write_fifo
                0x00002178       0x78 ./ra/fsp/src/r_usb_basic/src/hw/r_usb_preg_abs.o
                0x00002178                usb_pstd_write_fifo
 .text.usb_pstd_read_fifo
                0x000021f0       0x64 ./ra/fsp/src/r_usb_basic/src/hw/r_usb_preg_abs.o
                0x000021f0                usb_pstd_read_fifo
 .text.usb_pstd_forced_termination
                0x00002254       0xac ./ra/fsp/src/r_usb_basic/src/hw/r_usb_preg_abs.o
                0x00002254                usb_pstd_forced_termination
 .text.usb_pstd_interrupt_clock
                0x00002300       0x20 ./ra/fsp/src/r_usb_basic/src/hw/r_usb_preg_abs.o
                0x00002300                usb_pstd_interrupt_clock
 .text.usb_pstd_stop_clock
                0x00002320       0x14 ./ra/fsp/src/r_usb_basic/src/hw/r_usb_preg_abs.o
                0x00002320                usb_pstd_stop_clock
 .text.hw_usb_pset_dprpu
                0x00002334       0x20 ./ra/fsp/src/r_usb_basic/src/hw/r_usb_preg_access.o
                0x00002334                hw_usb_pset_dprpu
 .text.hw_usb_pclear_dprpu
                0x00002354       0x20 ./ra/fsp/src/r_usb_basic/src/hw/r_usb_preg_access.o
                0x00002354                hw_usb_pclear_dprpu
 .text.hw_usb_pset_enb_rsme
                0x00002374       0x24 ./ra/fsp/src/r_usb_basic/src/hw/r_usb_preg_access.o
                0x00002374                hw_usb_pset_enb_rsme
 .text.hw_usb_pclear_enb_rsme
                0x00002398       0x24 ./ra/fsp/src/r_usb_basic/src/hw/r_usb_preg_access.o
                0x00002398                hw_usb_pclear_enb_rsme
 .text.hw_usb_pclear_sts_resm
                0x000023bc       0x20 ./ra/fsp/src/r_usb_basic/src/hw/r_usb_preg_access.o
                0x000023bc                hw_usb_pclear_sts_resm
 .text.hw_usb_pclear_sts_valid
                0x000023dc       0x20 ./ra/fsp/src/r_usb_basic/src/hw/r_usb_preg_access.o
                0x000023dc                hw_usb_pclear_sts_valid
 .text.hw_usb_pset_ccpl
                0x000023fc       0x1c ./ra/fsp/src/r_usb_basic/src/hw/r_usb_preg_access.o
                0x000023fc                hw_usb_pset_ccpl
 .text.hw_usb_pmodule_init
                0x00002418       0x38 ./ra/fsp/src/r_usb_basic/src/hw/r_usb_preg_access.o
                0x00002418                hw_usb_pmodule_init
 .text.hw_usb_pcontrol_dcpctr_pid
                0x00002450       0x3c ./ra/fsp/src/r_usb_basic/src/hw/r_usb_preg_access.o
                0x00002450                hw_usb_pcontrol_dcpctr_pid
 .text.usb_ctrl_read
                0x0000248c       0x50 ./ra/fsp/src/r_usb_basic/src/driver/r_usb_cdataio.o
                0x0000248c                usb_ctrl_read
 .text.usb_ctrl_write
                0x000024dc       0x88 ./ra/fsp/src/r_usb_basic/src/driver/r_usb_cdataio.o
                0x000024dc                usb_ctrl_write
 .text.usb_data_read
                0x00002564       0x50 ./ra/fsp/src/r_usb_basic/src/driver/r_usb_cdataio.o
                0x00002564                usb_data_read
 .text.usb_data_write
                0x000025b4       0x9c ./ra/fsp/src/r_usb_basic/src/driver/r_usb_cdataio.o
                0x000025b4                usb_data_write
 .text.usb_cstd_nrdy_enable
                0x00002650        0xc ./ra/fsp/src/r_usb_basic/src/driver/r_usb_clibusbip.o
                0x00002650                usb_cstd_nrdy_enable
 .text.usb_cstd_get_pid
                0x0000265c       0x14 ./ra/fsp/src/r_usb_basic/src/driver/r_usb_clibusbip.o
                0x0000265c                usb_cstd_get_pid
 .text.usb_cstd_get_maxpacket_size
                0x00002670       0x2c ./ra/fsp/src/r_usb_basic/src/driver/r_usb_clibusbip.o
                0x00002670                usb_cstd_get_maxpacket_size
 .text.usb_cstd_get_pipe_dir
                0x0000269c       0x1c ./ra/fsp/src/r_usb_basic/src/driver/r_usb_clibusbip.o
                0x0000269c                usb_cstd_get_pipe_dir
 .text.usb_cstd_get_pipe_type
                0x000026b8       0x20 ./ra/fsp/src/r_usb_basic/src/driver/r_usb_clibusbip.o
                0x000026b8                usb_cstd_get_pipe_type
 .text.usb_cstd_do_aclrm
                0x000026d8       0x18 ./ra/fsp/src/r_usb_basic/src/driver/r_usb_clibusbip.o
                0x000026d8                usb_cstd_do_aclrm
 .text.usb_cstd_set_buf
                0x000026f0       0x10 ./ra/fsp/src/r_usb_basic/src/driver/r_usb_clibusbip.o
                0x000026f0                usb_cstd_set_buf
 .text.usb_cstd_clr_stall
                0x00002700       0x1c ./ra/fsp/src/r_usb_basic/src/driver/r_usb_clibusbip.o
                0x00002700                usb_cstd_clr_stall
 .text.usb_cstd_port_speed
                0x0000271c       0x24 ./ra/fsp/src/r_usb_basic/src/driver/r_usb_clibusbip.o
                0x0000271c                usb_cstd_port_speed
 .text.usb_set_event
                0x00002740       0x3c ./ra/fsp/src/r_usb_basic/src/driver/r_usb_clibusbip.o
                0x00002740                usb_set_event
 .text.usb_cstd_usb_task
                0x0000277c        0x8 ./ra/fsp/src/r_usb_basic/src/driver/r_usb_clibusbip.o
                0x0000277c                usb_cstd_usb_task
 .text.usb_pstd_bc_data_contact_detect
                0x00002784       0x48 ./ra/fsp/src/r_usb_basic/src/driver/r_usb_pbc.o
                0x00002784                usb_pstd_bc_data_contact_detect
 .text.usb_pstd_bc_primary_detection
                0x000027cc       0x20 ./ra/fsp/src/r_usb_basic/src/driver/r_usb_pbc.o
                0x000027cc                usb_pstd_bc_primary_detection
 .text.usb_pstd_bc_secondary_detection
                0x000027ec       0x18 ./ra/fsp/src/r_usb_basic/src/driver/r_usb_pbc.o
                0x000027ec                usb_pstd_bc_secondary_detection
 .text.usb_pstd_bc_detect_process
                0x00002804       0x48 ./ra/fsp/src/r_usb_basic/src/driver/r_usb_pbc.o
                0x00002804                usb_pstd_bc_detect_process
 .text.usb_pstd_ctrl_read
                0x0000284c       0x78 ./ra/fsp/src/r_usb_basic/src/driver/r_usb_pcontrolrw.o
                0x0000284c                usb_pstd_ctrl_read
 .text.usb_pstd_ctrl_write
                0x000028c4       0x54 ./ra/fsp/src/r_usb_basic/src/driver/r_usb_pcontrolrw.o
                0x000028c4                usb_pstd_ctrl_write
 .text.usb_pstd_ctrl_end
                0x00002918       0x80 ./ra/fsp/src/r_usb_basic/src/driver/r_usb_pcontrolrw.o
                0x00002918                usb_pstd_ctrl_end
 .text.usb_peri_configured
                0x00002998       0x24 ./ra/fsp/src/r_usb_basic/src/driver/r_usb_pdriver.o
                0x00002998                usb_peri_configured
 .text.usb_peri_suspended
                0x000029bc       0x18 ./ra/fsp/src/r_usb_basic/src/driver/r_usb_pdriver.o
                0x000029bc                usb_peri_suspended
 .text.usb_peri_resume
                0x000029d4       0x18 ./ra/fsp/src/r_usb_basic/src/driver/r_usb_pdriver.o
                0x000029d4                usb_peri_resume
 .text.usb_peri_interface
                0x000029ec        0x4 ./ra/fsp/src/r_usb_basic/src/driver/r_usb_pdriver.o
                0x000029ec                usb_peri_interface
 .text.usb_peri_detach
                0x000029f0       0x2c ./ra/fsp/src/r_usb_basic/src/driver/r_usb_pdriver.o
                0x000029f0                usb_peri_detach
 .text.usb_pstd_pcd_task
                0x00002a1c      0x208 ./ra/fsp/src/r_usb_basic/src/driver/r_usb_pdriver.o
                0x00002a1c                usb_pstd_pcd_task
 .text.usb_pstd_set_submitutr
                0x00002c24       0x44 ./ra/fsp/src/r_usb_basic/src/driver/r_usb_pdriver.o
                0x00002c24                usb_pstd_set_submitutr
 .text.usb_pstd_clr_mem
                0x00002c68       0x30 ./ra/fsp/src/r_usb_basic/src/driver/r_usb_pdriver.o
                0x00002c68                usb_pstd_clr_mem
 .text.usb_pstd_set_config_num
                0x00002c98       0x24 ./ra/fsp/src/r_usb_basic/src/driver/r_usb_pdriver.o
                0x00002c98                usb_pstd_set_config_num
 .text.usb_pstd_clr_eptbl_index
                0x00002cbc       0x1c ./ra/fsp/src/r_usb_basic/src/driver/r_usb_pdriver.o
                0x00002cbc                usb_pstd_clr_eptbl_index
 .text.usb_pstd_get_interface_num
                0x00002cd8       0x10 ./ra/fsp/src/r_usb_basic/src/driver/r_usb_pdriver.o
                0x00002cd8                usb_pstd_get_interface_num
 .text.usb_pstd_get_alternate_num
                0x00002ce8       0x4c ./ra/fsp/src/r_usb_basic/src/driver/r_usb_pdriver.o
                0x00002ce8                usb_pstd_get_alternate_num
 .text.usb_pstd_set_eptbl_index
                0x00002d34       0xb4 ./ra/fsp/src/r_usb_basic/src/driver/r_usb_pdriver.o
                0x00002d34                usb_pstd_set_eptbl_index
 .text.usb_pstd_chk_remote
                0x00002de8       0x20 ./ra/fsp/src/r_usb_basic/src/driver/r_usb_pdriver.o
                0x00002de8                usb_pstd_chk_remote
 .text.usb_pstd_get_current_power
                0x00002e08       0x14 ./ra/fsp/src/r_usb_basic/src/driver/r_usb_pdriver.o
                0x00002e08                usb_pstd_get_current_power
 .text.usb_pstd_fifo_to_buf
                0x00002e1c       0x4c ./ra/fsp/src/r_usb_basic/src/driver/r_usb_pdriver.o
                0x00002e1c                usb_pstd_fifo_to_buf
 .text.usb_pstd_buf_to_fifo
                0x00002e68       0x58 ./ra/fsp/src/r_usb_basic/src/driver/r_usb_pdriver.o
                0x00002e68                usb_pstd_buf_to_fifo
 .text.usb_pstd_transfer_start
                0x00002ec0       0x3c ./ra/fsp/src/r_usb_basic/src/driver/r_usb_pdriver.o
                0x00002ec0                usb_pstd_transfer_start
 .text.usb_pstd_driver_registration
                0x00002efc       0x40 ./ra/fsp/src/r_usb_basic/src/driver/r_usb_pdriver.o
                0x00002efc                usb_pstd_driver_registration
 .text.usb_peri_registration
                0x00002f3c       0x70 ./ra/fsp/src/r_usb_basic/src/driver/r_usb_pdriver.o
                0x00002f3c                usb_peri_registration
 .text.usb_peri_pipe_info
                0x00002fac       0x70 ./ra/fsp/src/r_usb_basic/src/driver/r_usb_pdriver.o
                0x00002fac                usb_peri_pipe_info
 .text.usb_peri_devdefault
                0x0000301c       0xb4 ./ra/fsp/src/r_usb_basic/src/driver/r_usb_pdriver.o
                0x0000301c                usb_peri_devdefault
 .text.usb_pstd_brdy_pipe
                0x000030d0       0x58 ./ra/fsp/src/r_usb_basic/src/driver/r_usb_pintfifo.o
                0x000030d0                usb_pstd_brdy_pipe
 .text.usb_pstd_nrdy_pipe
                0x00003128       0x10 ./ra/fsp/src/r_usb_basic/src/driver/r_usb_pintfifo.o
                0x00003128                usb_pstd_nrdy_pipe
 .text.usb_pstd_bemp_pipe
                0x00003138       0x40 ./ra/fsp/src/r_usb_basic/src/driver/r_usb_pintfifo.o
                0x00003138                usb_pstd_bemp_pipe
 .text.usb_pstd_usb_handler
                0x00003178       0x54 ./ra/fsp/src/r_usb_basic/src/driver/r_usb_pinthandler_usbip0.o
                0x00003178                usb_pstd_usb_handler
 .text.usb_pstd_data_end.part.0
                0x000031cc       0x80 ./ra/fsp/src/r_usb_basic/src/driver/r_usb_plibusbip.o
 .text.usb_pstd_epadr2pipe
                0x0000324c       0x48 ./ra/fsp/src/r_usb_basic/src/driver/r_usb_plibusbip.o
                0x0000324c                usb_pstd_epadr2pipe
 .text.usb_pstd_pipe2fport
                0x00003294        0x4 ./ra/fsp/src/r_usb_basic/src/driver/r_usb_plibusbip.o
                0x00003294                usb_pstd_pipe2fport
 .text.usb_pstd_hi_speed_enable
                0x00003298        0xc ./ra/fsp/src/r_usb_basic/src/driver/r_usb_plibusbip.o
                0x00003298                usb_pstd_hi_speed_enable
 .text.usb_pstd_send_start
                0x000032a4       0x58 ./ra/fsp/src/r_usb_basic/src/driver/r_usb_plibusbip.o
                0x000032a4                usb_pstd_send_start
 .text.usb_pstd_write_data
                0x000032fc       0xf4 ./ra/fsp/src/r_usb_basic/src/driver/r_usb_plibusbip.o
                0x000032fc                usb_pstd_write_data
 .text.usb_pstd_receive_start
                0x000033f0       0x80 ./ra/fsp/src/r_usb_basic/src/driver/r_usb_plibusbip.o
                0x000033f0                usb_pstd_receive_start
 .text.usb_pstd_read_data
                0x00003470      0x10c ./ra/fsp/src/r_usb_basic/src/driver/r_usb_plibusbip.o
                0x00003470                usb_pstd_read_data
 .text.usb_pstd_data_end
                0x0000357c        0xc ./ra/fsp/src/r_usb_basic/src/driver/r_usb_plibusbip.o
                0x0000357c                usb_pstd_data_end
 .text.usb_pstd_brdy_pipe_process
                0x00003588       0x68 ./ra/fsp/src/r_usb_basic/src/driver/r_usb_plibusbip.o
                0x00003588                usb_pstd_brdy_pipe_process
 .text.usb_pstd_nrdy_pipe_process
                0x000035f0       0x6c ./ra/fsp/src/r_usb_basic/src/driver/r_usb_plibusbip.o
                0x000035f0                usb_pstd_nrdy_pipe_process
 .text.usb_pstd_bemp_pipe_process
                0x0000365c      0x108 ./ra/fsp/src/r_usb_basic/src/driver/r_usb_plibusbip.o
                0x0000365c                usb_pstd_bemp_pipe_process
 .text.usb_pstd_set_pipe_table
                0x00003764       0xe0 ./ra/fsp/src/r_usb_basic/src/driver/r_usb_plibusbip.o
                0x00003764                usb_pstd_set_pipe_table
 .text.usb_pstd_clr_pipe_table
                0x00003844       0x30 ./ra/fsp/src/r_usb_basic/src/driver/r_usb_plibusbip.o
                0x00003844                usb_pstd_clr_pipe_table
 .text.usb_pstd_set_pipe_reg
                0x00003874       0xd0 ./ra/fsp/src/r_usb_basic/src/driver/r_usb_plibusbip.o
                0x00003874                usb_pstd_set_pipe_reg
 .text.usb_pstd_clr_pipe_reg
                0x00003944       0x48 ./ra/fsp/src/r_usb_basic/src/driver/r_usb_plibusbip.o
                0x00003944                usb_pstd_clr_pipe_reg
 .text.usb_pstd_bus_reset
                0x0000398c       0x44 ./ra/fsp/src/r_usb_basic/src/driver/r_usb_psignal.o
                0x0000398c                usb_pstd_bus_reset
 .text.usb_pstd_attach_process
                0x000039d0       0x1c ./ra/fsp/src/r_usb_basic/src/driver/r_usb_psignal.o
                0x000039d0                usb_pstd_attach_process
 .text.usb_pstd_detach_process
                0x000039ec       0x98 ./ra/fsp/src/r_usb_basic/src/driver/r_usb_psignal.o
                0x000039ec                usb_pstd_detach_process
 .text.usb_pstd_suspend_process
                0x00003a84       0x60 ./ra/fsp/src/r_usb_basic/src/driver/r_usb_psignal.o
                0x00003a84                usb_pstd_suspend_process
 .text.usb_pstd_set_feature_function
                0x00003ae4        0x8 ./ra/fsp/src/r_usb_basic/src/driver/r_usb_pstdfunction.o
                0x00003ae4                usb_pstd_set_feature_function
 .text.usb_pstd_chk_vbsts
                0x00003aec       0x48 ./ra/fsp/src/r_usb_basic/src/driver/r_usb_pstdfunction.o
                0x00003aec                usb_pstd_chk_vbsts
 .text.usb_pstd_busreset_function
                0x00003b34        0x4 ./ra/fsp/src/r_usb_basic/src/driver/r_usb_pstdfunction.o
                0x00003b34                usb_pstd_busreset_function
 .text.usb_pstd_suspend_function
                0x00003b38        0x4 ./ra/fsp/src/r_usb_basic/src/driver/r_usb_pstdfunction.o
                0x00003b38                usb_pstd_suspend_function
 .text.usb_pdriver_init
                0x00003b3c      0x124 ./ra/fsp/src/r_usb_basic/src/driver/r_usb_pstdfunction.o
                0x00003b3c                usb_pdriver_init
 .text.usb_pstd_stand_req0
                0x00003c60       0x8c ./ra/fsp/src/r_usb_basic/src/driver/r_usb_pstdrequest.o
                0x00003c60                usb_pstd_stand_req0
 .text.usb_pstd_stand_req1
                0x00003cec      0x324 ./ra/fsp/src/r_usb_basic/src/driver/r_usb_pstdrequest.o
                0x00003cec                usb_pstd_stand_req1
 .text.usb_pstd_stand_req2
                0x00004010        0x8 ./ra/fsp/src/r_usb_basic/src/driver/r_usb_pstdrequest.o
                0x00004010                usb_pstd_stand_req2
 .text.usb_pstd_stand_req3
                0x00004018      0x3d0 ./ra/fsp/src/r_usb_basic/src/driver/r_usb_pstdrequest.o
                0x00004018                usb_pstd_stand_req3
 .text.usb_pstd_stand_req4
                0x000043e8       0xb4 ./ra/fsp/src/r_usb_basic/src/driver/r_usb_pstdrequest.o
                0x000043e8                usb_pstd_stand_req4
 .text.usb_pstd_stand_req5
                0x0000449c       0x94 ./ra/fsp/src/r_usb_basic/src/driver/r_usb_pstdrequest.o
                0x0000449c                usb_pstd_stand_req5
 .text.usb_peri_class_request_rwds
                0x00004530       0x2c ./ra/fsp/src/r_usb_basic/src/driver/r_usb_pstdrequest.o
                0x00004530                usb_peri_class_request_rwds
 .text.usb_peri_other_request
                0x0000455c       0x30 ./ra/fsp/src/r_usb_basic/src/driver/r_usb_pstdrequest.o
                0x0000455c                usb_peri_other_request
 .text.usb_peri_class_request_wnss
                0x0000458c       0x38 ./ra/fsp/src/r_usb_basic/src/driver/r_usb_pstdrequest.o
                0x0000458c                usb_peri_class_request_wnss
 .text.usb_peri_class_request_rss
                0x000045c4       0x48 ./ra/fsp/src/r_usb_basic/src/driver/r_usb_pstdrequest.o
                0x000045c4                usb_peri_class_request_rss
 .text.usb_peri_class_request_wss
                0x0000460c       0x58 ./ra/fsp/src/r_usb_basic/src/driver/r_usb_pstdrequest.o
                0x0000460c                usb_peri_class_request_wss
 .text.usb_peri_class_request
                0x00004664       0x64 ./ra/fsp/src/r_usb_basic/src/driver/r_usb_pstdrequest.o
                0x00004664                usb_peri_class_request
 .text.R_USB_ModuleNumberGet
                0x000046c8        0x8 ./ra/fsp/src/r_usb_basic/r_usb_basic.o
                0x000046c8                R_USB_ModuleNumberGet
 .text.R_USB_ClassTypeGet
                0x000046d0        0x8 ./ra/fsp/src/r_usb_basic/r_usb_basic.o
                0x000046d0                R_USB_ClassTypeGet
 .text.R_USB_SetupGet
                0x000046d8       0x14 ./ra/fsp/src/r_usb_basic/r_usb_basic.o
                0x000046d8                R_USB_SetupGet
 .text.R_USB_EventGet
                0x000046ec       0x54 ./ra/fsp/src/r_usb_basic/r_usb_basic.o
                0x000046ec                R_USB_EventGet
 .text.R_USB_Open
                0x00004740      0x14c ./ra/fsp/src/r_usb_basic/r_usb_basic.o
                0x00004740                R_USB_Open
 .text.R_USB_InfoGet.part.0
                0x0000488c       0xdc ./ra/fsp/src/r_usb_basic/r_usb_basic.o
 .text.R_USB_Read
                0x00004968       0xb0 ./ra/fsp/src/r_usb_basic/r_usb_basic.o
                0x00004968                R_USB_Read
 .text.R_USB_Write
                0x00004a18       0xa8 ./ra/fsp/src/r_usb_basic/r_usb_basic.o
                0x00004a18                R_USB_Write
 .text.R_USB_PeriControlDataGet
                0x00004ac0       0x38 ./ra/fsp/src/r_usb_basic/r_usb_basic.o
                0x00004ac0                R_USB_PeriControlDataGet
 .text.R_USB_PeriControlDataSet
                0x00004af8       0x38 ./ra/fsp/src/r_usb_basic/r_usb_basic.o
                0x00004af8                R_USB_PeriControlDataSet
 .text.R_USB_PeriControlStatusSet
                0x00004b30       0x18 ./ra/fsp/src/r_usb_basic/r_usb_basic.o
                0x00004b30                R_USB_PeriControlStatusSet
 .text.R_IOPORT_PinWrite
                0x00004b48       0x48 ./ra/fsp/src/r_ioport/r_ioport.o
                0x00004b48                R_IOPORT_PinWrite
 .text.r_ioport_pins_config.isra.0
                0x00004b90       0xf8 ./ra/fsp/src/r_ioport/r_ioport.o
 .text.R_IOPORT_Open
                0x00004c88       0x30 ./ra/fsp/src/r_ioport/r_ioport.o
                0x00004c88                R_IOPORT_Open
 .text.R_ICU_ExternalIrqCallbackSet
                0x00004cb8       0x24 ./ra/fsp/src/r_icu/r_icu.o
                0x00004cb8                R_ICU_ExternalIrqCallbackSet
 .text.R_ICU_ExternalIrqVersionGet
                0x00004cdc       0x1c ./ra/fsp/src/r_icu/r_icu.o
                0x00004cdc                R_ICU_ExternalIrqVersionGet
 .text.R_ICU_ExternalIrqOpen
                0x00004cf8       0xec ./ra/fsp/src/r_icu/r_icu.o
                0x00004cf8                R_ICU_ExternalIrqOpen
 .text.R_ICU_ExternalIrqEnable
                0x00004de4       0x68 ./ra/fsp/src/r_icu/r_icu.o
                0x00004de4                R_ICU_ExternalIrqEnable
 .text.R_ICU_ExternalIrqDisable
                0x00004e4c       0x48 ./ra/fsp/src/r_icu/r_icu.o
                0x00004e4c                R_ICU_ExternalIrqDisable
 .text.R_ICU_ExternalIrqClose
                0x00004e94       0x5c ./ra/fsp/src/r_icu/r_icu.o
                0x00004e94                R_ICU_ExternalIrqClose
 .text.r_icu_isr
                0x00004ef0       0x74 ./ra/fsp/src/r_icu/r_icu.o
                0x00004ef0                r_icu_isr
 .text.R_GPT_Stop
                0x00004f64       0x24 ./ra/fsp/src/r_gpt/r_gpt.o
                0x00004f64                R_GPT_Stop
 .text.R_GPT_Start
                0x00004f88       0x24 ./ra/fsp/src/r_gpt/r_gpt.o
                0x00004f88                R_GPT_Start
 .text.R_GPT_Reset
                0x00004fac       0x24 ./ra/fsp/src/r_gpt/r_gpt.o
                0x00004fac                R_GPT_Reset
 .text.R_GPT_CallbackSet
                0x00004fd0       0x28 ./ra/fsp/src/r_gpt/r_gpt.o
                0x00004fd0                R_GPT_CallbackSet
 .text.R_GPT_VersionGet
                0x00004ff8       0x1c ./ra/fsp/src/r_gpt/r_gpt.o
                0x00004ff8                R_GPT_VersionGet
 .text.r_gpt_enable_irq
                0x00005014       0x90 ./ra/fsp/src/r_gpt/r_gpt.o
 .text.r_gpt_call_callback
                0x000050a4       0x40 ./ra/fsp/src/r_gpt/r_gpt.o
 .text.R_GPT_StatusGet
                0x000050e4       0x2c ./ra/fsp/src/r_gpt/r_gpt.o
                0x000050e4                R_GPT_StatusGet
 .text.R_GPT_Enable
                0x00005110       0x44 ./ra/fsp/src/r_gpt/r_gpt.o
                0x00005110                R_GPT_Enable
 .text.R_GPT_PeriodSet
                0x00005154       0x48 ./ra/fsp/src/r_gpt/r_gpt.o
                0x00005154                R_GPT_PeriodSet
 .text.R_GPT_Disable
                0x0000519c       0x30 ./ra/fsp/src/r_gpt/r_gpt.o
                0x0000519c                R_GPT_Disable
 .text.r_gpt_disable_irq.part.0
                0x000051cc       0x30 ./ra/fsp/src/r_gpt/r_gpt.o
 .text.R_GPT_Close
                0x000051fc       0x54 ./ra/fsp/src/r_gpt/r_gpt.o
                0x000051fc                R_GPT_Close
 .text.R_GPT_DutyCycleSet
                0x00005250       0x7c ./ra/fsp/src/r_gpt/r_gpt.o
                0x00005250                R_GPT_DutyCycleSet
 .text.R_GPT_InfoGet
                0x000052cc       0x58 ./ra/fsp/src/r_gpt/r_gpt.o
                0x000052cc                R_GPT_InfoGet
 .text.R_GPT_Open
                0x00005324      0x284 ./ra/fsp/src/r_gpt/r_gpt.o
                0x00005324                R_GPT_Open
 .text.gpt_counter_overflow_isr
                0x000055a8       0x74 ./ra/fsp/src/r_gpt/r_gpt.o
                0x000055a8                gpt_counter_overflow_isr
 .text.R_ADC_CallbackSet
                0x0000561c       0x28 ./ra/fsp/src/r_adc/r_adc.o
                0x0000561c                R_ADC_CallbackSet
 .text.R_ADC_ScanStop
                0x00005644       0x24 ./ra/fsp/src/r_adc/r_adc.o
                0x00005644                R_ADC_ScanStop
 .text.R_ADC_VersionGet
                0x00005668       0x1c ./ra/fsp/src/r_adc/r_adc.o
                0x00005668                R_ADC_VersionGet
 .text.R_ADC_OffsetSet
                0x00005684        0x4 ./ra/fsp/src/r_adc/r_adc.o
                0x00005684                R_ADC_OffsetSet
 .text.R_ADC_ScanStart
                0x00005688       0x38 ./ra/fsp/src/r_adc/r_adc.o
                0x00005688                R_ADC_ScanStart
 .text.R_ADC_StatusGet
                0x000056c0       0x28 ./ra/fsp/src/r_adc/r_adc.o
                0x000056c0                R_ADC_StatusGet
 .text.R_ADC_Read.part.0
                0x000056e8       0x44 ./ra/fsp/src/r_adc/r_adc.o
 .text.R_ADC_Read
                0x0000572c       0x24 ./ra/fsp/src/r_adc/r_adc.o
                0x0000572c                R_ADC_Read
 .text.R_ADC_Read32
                0x00005750       0x4c ./ra/fsp/src/r_adc/r_adc.o
                0x00005750                R_ADC_Read32
 .text.R_ADC_Close
                0x0000579c       0xd8 ./ra/fsp/src/r_adc/r_adc.o
                0x0000579c                R_ADC_Close
 .text.R_ADC_Calibrate
                0x00005874       0x3c ./ra/fsp/src/r_adc/r_adc.o
                0x00005874                R_ADC_Calibrate
 .text.R_ADC_ScanCfg
                0x000058b0      0x204 ./ra/fsp/src/r_adc/r_adc.o
                0x000058b0                R_ADC_ScanCfg
 .text.R_ADC_InfoGet
                0x00005ab4       0xa4 ./ra/fsp/src/r_adc/r_adc.o
                0x00005ab4                R_ADC_InfoGet
 .text.R_ADC_Open
                0x00005b58      0x2b8 ./ra/fsp/src/r_adc/r_adc.o
                0x00005b58                R_ADC_Open
 .text.bsp_prv_operating_mode_opccr_set
                0x00005e10       0x44 ./ra/fsp/src/bsp/mcu/all/bsp_clocks.o
 .text.SystemCoreClockUpdate
                0x00005e54       0x2c ./ra/fsp/src/bsp/mcu/all/bsp_clocks.o
                0x00005e54                SystemCoreClockUpdate
 .text.bsp_clock_init
                0x00005e80       0xfc ./ra/fsp/src/bsp/mcu/all/bsp_clocks.o
                0x00005e80                bsp_clock_init
 .text.bsp_prv_software_delay_loop
                0x00005f7c        0x8 ./ra/fsp/src/bsp/mcu/all/bsp_delay.o
                0x00005f7c                bsp_prv_software_delay_loop
 .text.R_BSP_SoftwareDelay
                0x00005f84       0x5c ./ra/fsp/src/bsp/mcu/all/bsp_delay.o
                0x00005f84                R_BSP_SoftwareDelay
 .text.NMI_Handler
                0x00005fe0       0x48 ./ra/fsp/src/bsp/mcu/all/bsp_group_irq.o
                0x00005fe0                NMI_Handler
 .text.bsp_irq_cfg
                0x00006028       0x28 ./ra/fsp/src/bsp/mcu/all/bsp_irq.o
                0x00006028                bsp_irq_cfg
 .text.R_BSP_RegisterProtectEnable
                0x00006050       0x54 ./ra/fsp/src/bsp/mcu/all/bsp_register_protection.o
                0x00006050                R_BSP_RegisterProtectEnable
 .text.R_BSP_RegisterProtectDisable
                0x000060a4       0x4c ./ra/fsp/src/bsp/mcu/all/bsp_register_protection.o
                0x000060a4                R_BSP_RegisterProtectDisable
 .text._sbrk    0x000060f0       0x44 ./ra/fsp/src/bsp/mcu/all/bsp_sbrk.o
                0x000060f0                _sbrk
 .text.Default_Handler
                0x00006134        0x4 ./ra/fsp/src/bsp/cmsis/Device/RENESAS/Source/startup.o
                0x00006134                DebugMon_Handler
                0x00006134                HardFault_Handler
                0x00006134                SysTick_Handler
                0x00006134                PendSV_Handler
                0x00006134                UsageFault_Handler
                0x00006134                SecureFault_Handler
                0x00006134                Default_Handler
                0x00006134                MemManage_Handler
                0x00006134                SVC_Handler
                0x00006134                BusFault_Handler
 .text.Reset_Handler
                0x00006138        0xc ./ra/fsp/src/bsp/cmsis/Device/RENESAS/Source/startup.o
                0x00006138                Reset_Handler
 .text.SystemInit
                0x00006144      0x15c ./ra/fsp/src/bsp/cmsis/Device/RENESAS/Source/system.o
                0x00006144                SystemInit
 .text.bsp_init
                0x000062a0        0x4 ./ra/board/ra2a1_ek/board_init.o
                0x000062a0                bsp_init
 .text          0x000062a4       0x3c c:/renesas/ra/e2studio_v2020-10_fsp_v2.1.0/toolchains/gcc_arm/9_2019q4/bin/../lib/gcc/arm-none-eabi/9.2.1/thumb/v8-m.base/nofp\libgcc.a(_clzsi2.o)
                0x000062a4                __clzsi2
 .text          0x000062e0       0x5c c:/renesas/ra/e2studio_v2020-10_fsp_v2.1.0/toolchains/gcc_arm/9_2019q4/bin/../lib/gcc/arm-none-eabi/9.2.1/thumb/v8-m.base/nofp\libgcc.a(_muldi3.o)
                0x000062e0                __muldi3
                0x000062e0                __aeabi_lmul
 .text          0x0000633c      0x330 c:/renesas/ra/e2studio_v2020-10_fsp_v2.1.0/toolchains/gcc_arm/9_2019q4/bin/../lib/gcc/arm-none-eabi/9.2.1/thumb/v8-m.base/nofp\libgcc.a(addsf3.o)
                0x0000633c                __aeabi_fadd
 .text          0x0000666c      0x240 c:/renesas/ra/e2studio_v2020-10_fsp_v2.1.0/toolchains/gcc_arm/9_2019q4/bin/../lib/gcc/arm-none-eabi/9.2.1/thumb/v8-m.base/nofp\libgcc.a(mulsf3.o)
                0x0000666c                __aeabi_fmul
 .text          0x000068ac       0x78 c:/renesas/ra/e2studio_v2020-10_fsp_v2.1.0/toolchains/gcc_arm/9_2019q4/bin/../lib/gcc/arm-none-eabi/9.2.1/thumb/v8-m.base/nofp\libgcc.a(floatunsisf.o)
                0x000068ac                __aeabi_ui2f
 .text          0x00006924       0x88 c:/renesas/ra/e2studio_v2020-10_fsp_v2.1.0/toolchains/gcc_arm/9_2019q4/bin/../lib/gcc/arm-none-eabi/9.2.1/thumb/v8-m.base/nofp\libgcc.a(extendsfdf2.o)
                0x00006924                __aeabi_f2d
 .text.__errno  0x000069ac        0xc c:/renesas/ra/e2studio_v2020-10_fsp_v2.1.0/toolchains/gcc_arm/9_2019q4/bin/../lib/gcc/arm-none-eabi/9.2.1/../../../../arm-none-eabi/lib/thumb/v8-m.base/nofp\libg_nano.a(lib_a-errno.o)
                0x000069ac                __errno
 .text.memcpy   0x000069b8       0x12 c:/renesas/ra/e2studio_v2020-10_fsp_v2.1.0/toolchains/gcc_arm/9_2019q4/bin/../lib/gcc/arm-none-eabi/9.2.1/../../../../arm-none-eabi/lib/thumb/v8-m.base/nofp\libg_nano.a(lib_a-memcpy-stub.o)
                0x000069b8                memcpy
 .text.memset   0x000069ca       0x10 c:/renesas/ra/e2studio_v2020-10_fsp_v2.1.0/toolchains/gcc_arm/9_2019q4/bin/../lib/gcc/arm-none-eabi/9.2.1/../../../../arm-none-eabi/lib/thumb/v8-m.base/nofp\libg_nano.a(lib_a-memset.o)
                0x000069ca                memset
 .text.__cvt    0x000069da       0xc2 c:/renesas/ra/e2studio_v2020-10_fsp_v2.1.0/toolchains/gcc_arm/9_2019q4/bin/../lib/gcc/arm-none-eabi/9.2.1/../../../../arm-none-eabi/lib/thumb/v8-m.base/nofp\libg_nano.a(lib_a-nano-vfprintf_float.o)
                0x000069da                __cvt
 .text.__exponent
                0x00006a9c       0x70 c:/renesas/ra/e2studio_v2020-10_fsp_v2.1.0/toolchains/gcc_arm/9_2019q4/bin/../lib/gcc/arm-none-eabi/9.2.1/../../../../arm-none-eabi/lib/thumb/v8-m.base/nofp\libg_nano.a(lib_a-nano-vfprintf_float.o)
                0x00006a9c                __exponent
 .text._printf_float
                0x00006b0c      0x490 c:/renesas/ra/e2studio_v2020-10_fsp_v2.1.0/toolchains/gcc_arm/9_2019q4/bin/../lib/gcc/arm-none-eabi/9.2.1/../../../../arm-none-eabi/lib/thumb/v8-m.base/nofp\libg_nano.a(lib_a-nano-vfprintf_float.o)
                0x00006b0c                _printf_float
 .text._printf_common
                0x00006f9c       0xdc c:/renesas/ra/e2studio_v2020-10_fsp_v2.1.0/toolchains/gcc_arm/9_2019q4/bin/../lib/gcc/arm-none-eabi/9.2.1/../../../../arm-none-eabi/lib/thumb/v8-m.base/nofp\libg_nano.a(lib_a-nano-vfprintf_i.o)
                0x00006f9c                _printf_common
 .text._printf_i
                0x00007078      0x218 c:/renesas/ra/e2studio_v2020-10_fsp_v2.1.0/toolchains/gcc_arm/9_2019q4/bin/../lib/gcc/arm-none-eabi/9.2.1/../../../../arm-none-eabi/lib/thumb/v8-m.base/nofp\libg_nano.a(lib_a-nano-vfprintf_i.o)
                0x00007078                _printf_i
 .text.sprintf  0x00007290       0x40 c:/renesas/ra/e2studio_v2020-10_fsp_v2.1.0/toolchains/gcc_arm/9_2019q4/bin/../lib/gcc/arm-none-eabi/9.2.1/../../../../arm-none-eabi/lib/thumb/v8-m.base/nofp\libg_nano.a(lib_a-sprintf.o)
                0x00007290                siprintf
                0x00007290                sprintf
 .text          0x000072d0        0xe c:/renesas/ra/e2studio_v2020-10_fsp_v2.1.0/toolchains/gcc_arm/9_2019q4/bin/../lib/gcc/arm-none-eabi/9.2.1/../../../../arm-none-eabi/lib/thumb/v8-m.base/nofp\libg_nano.a(lib_a-strlen.o)
                0x000072d0                strlen
 .text.quorem   0x000072de      0x10c c:/renesas/ra/e2studio_v2020-10_fsp_v2.1.0/toolchains/gcc_arm/9_2019q4/bin/../lib/gcc/arm-none-eabi/9.2.1/../../../../arm-none-eabi/lib/thumb/v8-m.base/nofp\libg_nano.a(lib_a-dtoa.o)
 *fill*         0x000073ea        0x2 ff
 .text._dtoa_r  0x000073ec      0xbbc c:/renesas/ra/e2studio_v2020-10_fsp_v2.1.0/toolchains/gcc_arm/9_2019q4/bin/../lib/gcc/arm-none-eabi/9.2.1/../../../../arm-none-eabi/lib/thumb/v8-m.base/nofp\libg_nano.a(lib_a-dtoa.o)
                0x000073ec                _dtoa_r
 .text._localeconv_r
                0x00007fa8        0x8 c:/renesas/ra/e2studio_v2020-10_fsp_v2.1.0/toolchains/gcc_arm/9_2019q4/bin/../lib/gcc/arm-none-eabi/9.2.1/../../../../arm-none-eabi/lib/thumb/v8-m.base/nofp\libg_nano.a(lib_a-localeconv.o)
                0x00007fa8                _localeconv_r
 .text.malloc   0x00007fb0       0x14 c:/renesas/ra/e2studio_v2020-10_fsp_v2.1.0/toolchains/gcc_arm/9_2019q4/bin/../lib/gcc/arm-none-eabi/9.2.1/../../../../arm-none-eabi/lib/thumb/v8-m.base/nofp\libg_nano.a(lib_a-malloc.o)
                0x00007fb0                malloc
 .text.memchr   0x00007fc4       0x16 c:/renesas/ra/e2studio_v2020-10_fsp_v2.1.0/toolchains/gcc_arm/9_2019q4/bin/../lib/gcc/arm-none-eabi/9.2.1/../../../../arm-none-eabi/lib/thumb/v8-m.base/nofp\libg_nano.a(lib_a-memchr-stub.o)
                0x00007fc4                memchr
 .text._Balloc  0x00007fda       0x68 c:/renesas/ra/e2studio_v2020-10_fsp_v2.1.0/toolchains/gcc_arm/9_2019q4/bin/../lib/gcc/arm-none-eabi/9.2.1/../../../../arm-none-eabi/lib/thumb/v8-m.base/nofp\libg_nano.a(lib_a-mprec.o)
                0x00007fda                _Balloc
 .text._Bfree   0x00008042       0x2e c:/renesas/ra/e2studio_v2020-10_fsp_v2.1.0/toolchains/gcc_arm/9_2019q4/bin/../lib/gcc/arm-none-eabi/9.2.1/../../../../arm-none-eabi/lib/thumb/v8-m.base/nofp\libg_nano.a(lib_a-mprec.o)
                0x00008042                _Bfree
 .text.__multadd
                0x00008070       0x7a c:/renesas/ra/e2studio_v2020-10_fsp_v2.1.0/toolchains/gcc_arm/9_2019q4/bin/../lib/gcc/arm-none-eabi/9.2.1/../../../../arm-none-eabi/lib/thumb/v8-m.base/nofp\libg_nano.a(lib_a-mprec.o)
                0x00008070                __multadd
 .text.__hi0bits
                0x000080ea       0x32 c:/renesas/ra/e2studio_v2020-10_fsp_v2.1.0/toolchains/gcc_arm/9_2019q4/bin/../lib/gcc/arm-none-eabi/9.2.1/../../../../arm-none-eabi/lib/thumb/v8-m.base/nofp\libg_nano.a(lib_a-mprec.o)
                0x000080ea                __hi0bits
 .text.__lo0bits
                0x0000811c       0x5a c:/renesas/ra/e2studio_v2020-10_fsp_v2.1.0/toolchains/gcc_arm/9_2019q4/bin/../lib/gcc/arm-none-eabi/9.2.1/../../../../arm-none-eabi/lib/thumb/v8-m.base/nofp\libg_nano.a(lib_a-mprec.o)
                0x0000811c                __lo0bits
 .text.__i2b    0x00008176       0x12 c:/renesas/ra/e2studio_v2020-10_fsp_v2.1.0/toolchains/gcc_arm/9_2019q4/bin/../lib/gcc/arm-none-eabi/9.2.1/../../../../arm-none-eabi/lib/thumb/v8-m.base/nofp\libg_nano.a(lib_a-mprec.o)
                0x00008176                __i2b
 .text.__multiply
                0x00008188      0x144 c:/renesas/ra/e2studio_v2020-10_fsp_v2.1.0/toolchains/gcc_arm/9_2019q4/bin/../lib/gcc/arm-none-eabi/9.2.1/../../../../arm-none-eabi/lib/thumb/v8-m.base/nofp\libg_nano.a(lib_a-mprec.o)
                0x00008188                __multiply
 .text.__pow5mult
                0x000082cc       0x98 c:/renesas/ra/e2studio_v2020-10_fsp_v2.1.0/toolchains/gcc_arm/9_2019q4/bin/../lib/gcc/arm-none-eabi/9.2.1/../../../../arm-none-eabi/lib/thumb/v8-m.base/nofp\libg_nano.a(lib_a-mprec.o)
                0x000082cc                __pow5mult
 .text.__lshift
                0x00008364       0xc6 c:/renesas/ra/e2studio_v2020-10_fsp_v2.1.0/toolchains/gcc_arm/9_2019q4/bin/../lib/gcc/arm-none-eabi/9.2.1/../../../../arm-none-eabi/lib/thumb/v8-m.base/nofp\libg_nano.a(lib_a-mprec.o)
                0x00008364                __lshift
 .text.__mcmp   0x0000842a       0x36 c:/renesas/ra/e2studio_v2020-10_fsp_v2.1.0/toolchains/gcc_arm/9_2019q4/bin/../lib/gcc/arm-none-eabi/9.2.1/../../../../arm-none-eabi/lib/thumb/v8-m.base/nofp\libg_nano.a(lib_a-mprec.o)
                0x0000842a                __mcmp
 .text.__mdiff  0x00008460      0x104 c:/renesas/ra/e2studio_v2020-10_fsp_v2.1.0/toolchains/gcc_arm/9_2019q4/bin/../lib/gcc/arm-none-eabi/9.2.1/../../../../arm-none-eabi/lib/thumb/v8-m.base/nofp\libg_nano.a(lib_a-mprec.o)
                0x00008460                __mdiff
 .text.__d2b    0x00008564       0xa8 c:/renesas/ra/e2studio_v2020-10_fsp_v2.1.0/toolchains/gcc_arm/9_2019q4/bin/../lib/gcc/arm-none-eabi/9.2.1/../../../../arm-none-eabi/lib/thumb/v8-m.base/nofp\libg_nano.a(lib_a-mprec.o)
                0x00008564                __d2b
 .text._calloc_r
                0x0000860c       0x1c c:/renesas/ra/e2studio_v2020-10_fsp_v2.1.0/toolchains/gcc_arm/9_2019q4/bin/../lib/gcc/arm-none-eabi/9.2.1/../../../../arm-none-eabi/lib/thumb/v8-m.base/nofp\libg_nano.a(lib_a-nano-callocr.o)
                0x0000860c                _calloc_r
 .text._free_r  0x00008628       0x94 c:/renesas/ra/e2studio_v2020-10_fsp_v2.1.0/toolchains/gcc_arm/9_2019q4/bin/../lib/gcc/arm-none-eabi/9.2.1/../../../../arm-none-eabi/lib/thumb/v8-m.base/nofp\libg_nano.a(lib_a-nano-freer.o)
                0x00008628                _free_r
 .text._malloc_r
                0x000086bc       0xb8 c:/renesas/ra/e2studio_v2020-10_fsp_v2.1.0/toolchains/gcc_arm/9_2019q4/bin/../lib/gcc/arm-none-eabi/9.2.1/../../../../arm-none-eabi/lib/thumb/v8-m.base/nofp\libg_nano.a(lib_a-nano-mallocr.o)
                0x000086bc                _malloc_r
 .text.__ssputs_r
                0x00008774       0xc4 c:/renesas/ra/e2studio_v2020-10_fsp_v2.1.0/toolchains/gcc_arm/9_2019q4/bin/../lib/gcc/arm-none-eabi/9.2.1/../../../../arm-none-eabi/lib/thumb/v8-m.base/nofp\libg_nano.a(lib_a-nano-svfprintf.o)
                0x00008774                __ssputs_r
 .text._svfprintf_r
                0x00008838      0x1fc c:/renesas/ra/e2studio_v2020-10_fsp_v2.1.0/toolchains/gcc_arm/9_2019q4/bin/../lib/gcc/arm-none-eabi/9.2.1/../../../../arm-none-eabi/lib/thumb/v8-m.base/nofp\libg_nano.a(lib_a-nano-svfprintf.o)
                0x00008838                _svfiprintf_r
                0x00008838                _svfprintf_r
 .text._sbrk_r  0x00008a34       0x20 c:/renesas/ra/e2studio_v2020-10_fsp_v2.1.0/toolchains/gcc_arm/9_2019q4/bin/../lib/gcc/arm-none-eabi/9.2.1/../../../../arm-none-eabi/lib/thumb/v8-m.base/nofp\libg_nano.a(lib_a-sbrkr.o)
                0x00008a34                _sbrk_r
 .text.__ascii_mbtowc
                0x00008a54       0x20 c:/renesas/ra/e2studio_v2020-10_fsp_v2.1.0/toolchains/gcc_arm/9_2019q4/bin/../lib/gcc/arm-none-eabi/9.2.1/../../../../arm-none-eabi/lib/thumb/v8-m.base/nofp\libg_nano.a(lib_a-mbtowc_r.o)
                0x00008a54                __ascii_mbtowc
 .text.memmove  0x00008a74       0x26 c:/renesas/ra/e2studio_v2020-10_fsp_v2.1.0/toolchains/gcc_arm/9_2019q4/bin/../lib/gcc/arm-none-eabi/9.2.1/../../../../arm-none-eabi/lib/thumb/v8-m.base/nofp\libg_nano.a(lib_a-memmove.o)
                0x00008a74                memmove
 *fill*         0x00008a9a        0x2 ff
 .text.__malloc_lock
                0x00008a9c       0x10 c:/renesas/ra/e2studio_v2020-10_fsp_v2.1.0/toolchains/gcc_arm/9_2019q4/bin/../lib/gcc/arm-none-eabi/9.2.1/../../../../arm-none-eabi/lib/thumb/v8-m.base/nofp\libg_nano.a(lib_a-mlock.o)
                0x00008a9c                __malloc_lock
 .text.__malloc_unlock
                0x00008aac       0x10 c:/renesas/ra/e2studio_v2020-10_fsp_v2.1.0/toolchains/gcc_arm/9_2019q4/bin/../lib/gcc/arm-none-eabi/9.2.1/../../../../arm-none-eabi/lib/thumb/v8-m.base/nofp\libg_nano.a(lib_a-mlock.o)
                0x00008aac                __malloc_unlock
 .text._realloc_r
                0x00008abc       0x4a c:/renesas/ra/e2studio_v2020-10_fsp_v2.1.0/toolchains/gcc_arm/9_2019q4/bin/../lib/gcc/arm-none-eabi/9.2.1/../../../../arm-none-eabi/lib/thumb/v8-m.base/nofp\libg_nano.a(lib_a-nano-reallocr.o)
                0x00008abc                _realloc_r
 .text.__ascii_wctomb
                0x00008b06       0x1a c:/renesas/ra/e2studio_v2020-10_fsp_v2.1.0/toolchains/gcc_arm/9_2019q4/bin/../lib/gcc/arm-none-eabi/9.2.1/../../../../arm-none-eabi/lib/thumb/v8-m.base/nofp\libg_nano.a(lib_a-wctomb_r.o)
                0x00008b06                __ascii_wctomb
 .text.__retarget_lock_acquire_recursive
                0x00008b20        0x2 c:/renesas/ra/e2studio_v2020-10_fsp_v2.1.0/toolchains/gcc_arm/9_2019q4/bin/../lib/gcc/arm-none-eabi/9.2.1/../../../../arm-none-eabi/lib/thumb/v8-m.base/nofp\libg_nano.a(lib_a-lock.o)
                0x00008b20                __retarget_lock_acquire_recursive
 .text.__retarget_lock_release_recursive
                0x00008b22        0x2 c:/renesas/ra/e2studio_v2020-10_fsp_v2.1.0/toolchains/gcc_arm/9_2019q4/bin/../lib/gcc/arm-none-eabi/9.2.1/../../../../arm-none-eabi/lib/thumb/v8-m.base/nofp\libg_nano.a(lib_a-lock.o)
                0x00008b22                __retarget_lock_release_recursive
 .text._malloc_usable_size_r
                0x00008b24       0x10 c:/renesas/ra/e2studio_v2020-10_fsp_v2.1.0/toolchains/gcc_arm/9_2019q4/bin/../lib/gcc/arm-none-eabi/9.2.1/../../../../arm-none-eabi/lib/thumb/v8-m.base/nofp\libg_nano.a(lib_a-nano-msizer.o)
                0x00008b24                _malloc_usable_size_r
 .text          0x00008b34       0x14 c:/renesas/ra/e2studio_v2020-10_fsp_v2.1.0/toolchains/gcc_arm/9_2019q4/bin/../lib/gcc/arm-none-eabi/9.2.1/thumb/v8-m.base/nofp\libgcc.a(_thumb1_case_uqi.o)
                0x00008b34                __gnu_thumb1_case_uqi
 .text          0x00008b48       0x14 c:/renesas/ra/e2studio_v2020-10_fsp_v2.1.0/toolchains/gcc_arm/9_2019q4/bin/../lib/gcc/arm-none-eabi/9.2.1/thumb/v8-m.base/nofp\libgcc.a(_thumb1_case_shi.o)
                0x00008b48                __gnu_thumb1_case_shi
 .text          0x00008b5c       0x7c c:/renesas/ra/e2studio_v2020-10_fsp_v2.1.0/toolchains/gcc_arm/9_2019q4/bin/../lib/gcc/arm-none-eabi/9.2.1/thumb/v8-m.base/nofp\libgcc.a(_arm_cmpdf2.o)
                0x00008b5c                __aeabi_cdrcmple
                0x00008b6c                __aeabi_cdcmple
                0x00008b6c                __aeabi_cdcmpeq
                0x00008b7c                __aeabi_dcmpeq
                0x00008b88                __aeabi_dcmplt
                0x00008b9c                __aeabi_dcmple
                0x00008bb0                __aeabi_dcmpgt
                0x00008bc4                __aeabi_dcmpge
 .text          0x00008bd8      0x724 c:/renesas/ra/e2studio_v2020-10_fsp_v2.1.0/toolchains/gcc_arm/9_2019q4/bin/../lib/gcc/arm-none-eabi/9.2.1/thumb/v8-m.base/nofp\libgcc.a(adddf3.o)
                0x00008bd8                __aeabi_dadd
 .text          0x000092fc      0x648 c:/renesas/ra/e2studio_v2020-10_fsp_v2.1.0/toolchains/gcc_arm/9_2019q4/bin/../lib/gcc/arm-none-eabi/9.2.1/thumb/v8-m.base/nofp\libgcc.a(divdf3.o)
                0x000092fc                __aeabi_ddiv
 .text          0x00009944       0x7c c:/renesas/ra/e2studio_v2020-10_fsp_v2.1.0/toolchains/gcc_arm/9_2019q4/bin/../lib/gcc/arm-none-eabi/9.2.1/thumb/v8-m.base/nofp\libgcc.a(eqdf2.o)
                0x00009944                __nedf2
                0x00009944                __eqdf2
 .text          0x000099c0       0xe0 c:/renesas/ra/e2studio_v2020-10_fsp_v2.1.0/toolchains/gcc_arm/9_2019q4/bin/../lib/gcc/arm-none-eabi/9.2.1/thumb/v8-m.base/nofp\libgcc.a(gedf2.o)
                0x000099c0                __gedf2
                0x000099c0                __gtdf2
 .text          0x00009aa0       0xd8 c:/renesas/ra/e2studio_v2020-10_fsp_v2.1.0/toolchains/gcc_arm/9_2019q4/bin/../lib/gcc/arm-none-eabi/9.2.1/thumb/v8-m.base/nofp\libgcc.a(ledf2.o)
                0x00009aa0                __ledf2
                0x00009aa0                __ltdf2
 .text          0x00009b78      0x50c c:/renesas/ra/e2studio_v2020-10_fsp_v2.1.0/toolchains/gcc_arm/9_2019q4/bin/../lib/gcc/arm-none-eabi/9.2.1/thumb/v8-m.base/nofp\libgcc.a(muldf3.o)
                0x00009b78                __aeabi_dmul
 .text          0x0000a084      0x740 c:/renesas/ra/e2studio_v2020-10_fsp_v2.1.0/toolchains/gcc_arm/9_2019q4/bin/../lib/gcc/arm-none-eabi/9.2.1/thumb/v8-m.base/nofp\libgcc.a(subdf3.o)
                0x0000a084                __aeabi_dsub
 .text          0x0000a7c4       0x3c c:/renesas/ra/e2studio_v2020-10_fsp_v2.1.0/toolchains/gcc_arm/9_2019q4/bin/../lib/gcc/arm-none-eabi/9.2.1/thumb/v8-m.base/nofp\libgcc.a(unorddf2.o)
                0x0000a7c4                __aeabi_dcmpun
 .text          0x0000a800       0x64 c:/renesas/ra/e2studio_v2020-10_fsp_v2.1.0/toolchains/gcc_arm/9_2019q4/bin/../lib/gcc/arm-none-eabi/9.2.1/thumb/v8-m.base/nofp\libgcc.a(fixdfsi.o)
                0x0000a800                __aeabi_d2iz
 .text          0x0000a864       0x64 c:/renesas/ra/e2studio_v2020-10_fsp_v2.1.0/toolchains/gcc_arm/9_2019q4/bin/../lib/gcc/arm-none-eabi/9.2.1/thumb/v8-m.base/nofp\libgcc.a(floatsidf.o)
                0x0000a864                __aeabi_i2d
 .text          0x0000a8c8       0x50 c:/renesas/ra/e2studio_v2020-10_fsp_v2.1.0/toolchains/gcc_arm/9_2019q4/bin/../lib/gcc/arm-none-eabi/9.2.1/thumb/v8-m.base/nofp\libgcc.a(floatunsidf.o)
                0x0000a8c8                __aeabi_ui2d
 *(.version)
 .version       0x0000a918       0x50 ./ra/fsp/src/bsp/mcu/all/bsp_common.o
 *(.init)
 .init          0x0000a968        0x4 c:/renesas/ra/e2studio_v2020-10_fsp_v2.1.0/toolchains/gcc_arm/9_2019q4/bin/../lib/gcc/arm-none-eabi/9.2.1/thumb/v8-m.base/nofp/crti.o
                0x0000a968                _init
 .init          0x0000a96c        0x8 c:/renesas/ra/e2studio_v2020-10_fsp_v2.1.0/toolchains/gcc_arm/9_2019q4/bin/../lib/gcc/arm-none-eabi/9.2.1/thumb/v8-m.base/nofp/crtn.o
 *(.fini)
 .fini          0x0000a974        0x4 c:/renesas/ra/e2studio_v2020-10_fsp_v2.1.0/toolchains/gcc_arm/9_2019q4/bin/../lib/gcc/arm-none-eabi/9.2.1/thumb/v8-m.base/nofp/crti.o
                0x0000a974                _fini
 .fini          0x0000a978        0x8 c:/renesas/ra/e2studio_v2020-10_fsp_v2.1.0/toolchains/gcc_arm/9_2019q4/bin/../lib/gcc/arm-none-eabi/9.2.1/thumb/v8-m.base/nofp/crtn.o
 *crtbegin.o(.ctors)
 *crtbegin?.o(.ctors)
 *(EXCLUDE_FILE(*crtend.o *crtend?.o) .ctors)
 *(SORT_BY_NAME(.ctors.*))
 *(.ctors)
 *crtbegin.o(.dtors)
 *crtbegin?.o(.dtors)
 *(EXCLUDE_FILE(*crtend.o *crtend?.o) .dtors)
 *(SORT_BY_NAME(.dtors.*))
 *(.dtors)
 *(.rodata*)
 .rodata.pwm_pins
                0x0000a980        0x8 ./src/common_init.o
 .rodata.hal_entry.str1.4
                0x0000a988       0x85 ./src/hal_entry.o
 *fill*         0x0000aa0d        0x3 ff
 .rodata.str1.4
                0x0000aa10       0x83 ./src/hal_entry.o
 *fill*         0x0000aa93        0x1 ff
 .rodata.usb_descriptor
                0x0000aa94       0x18 ./src/hal_entry.o
                0x0000aa94                usb_descriptor
 .rodata.g_adc  0x0000aaac       0x10 ./ra_gen/hal_data.o
                0x0000aaac                g_adc
 .rodata.g_adc_cfg
                0x0000aabc       0x18 ./ra_gen/hal_data.o
                0x0000aabc                g_adc_cfg
 .rodata.g_adc_cfg_extend
                0x0000aad4        0x5 ./ra_gen/hal_data.o
                0x0000aad4                g_adc_cfg_extend
 *fill*         0x0000aad9        0x3 ff
 .rodata.g_adc_channel_cfg
                0x0000aadc       0x10 ./ra_gen/hal_data.o
                0x0000aadc                g_adc_channel_cfg
 .rodata.g_basic0_cfg
                0x0000aaec       0x2c ./ra_gen/hal_data.o
                0x0000aaec                g_basic0_cfg
 .rodata.g_blinker
                0x0000ab18        0xc ./ra_gen/hal_data.o
                0x0000ab18                g_blinker
 .rodata.g_blinker_cfg
                0x0000ab24       0x20 ./ra_gen/hal_data.o
                0x0000ab24                g_blinker_cfg
 .rodata.g_blinker_extend
                0x0000ab44       0x30 ./ra_gen/hal_data.o
                0x0000ab44                g_blinker_extend
 .rodata.g_external_irq06
                0x0000ab74        0xc ./ra_gen/hal_data.o
                0x0000ab74                g_external_irq06
 .rodata.g_external_irq06_cfg
                0x0000ab80       0x14 ./ra_gen/hal_data.o
                0x0000ab80                g_external_irq06_cfg
 .rodata.g_gpt_red
                0x0000ab94        0xc ./ra_gen/hal_data.o
                0x0000ab94                g_gpt_red
 .rodata.g_gpt_red_cfg
                0x0000aba0       0x20 ./ra_gen/hal_data.o
                0x0000aba0                g_gpt_red_cfg
 .rodata.g_gpt_red_extend
                0x0000abc0       0x30 ./ra_gen/hal_data.o
                0x0000abc0                g_gpt_red_extend
 .rodata.g_bsp_pin_cfg
                0x0000abf0        0x8 ./ra_gen/pin_data.o
                0x0000abf0                g_bsp_pin_cfg
 .rodata.g_bsp_pin_cfg_data
                0x0000abf8       0x40 ./ra_gen/pin_data.o
                0x0000abf8                g_bsp_pin_cfg_data
 .rodata.g_interrupt_event_link_select
                0x0000ac38       0x20 ./ra_gen/vector_data.o
                0x0000ac38                g_interrupt_event_link_select
 .rodata.g_usb_pipe_peri
                0x0000ac58        0xa ./ra/fsp/src/r_usb_basic/src/driver/r_usb_cdataio.o
 *fill*         0x0000ac62        0x2 ff
 .rodata.CSWTCH.10
                0x0000ac64        0x8 ./ra/fsp/src/r_usb_basic/src/driver/r_usb_clibusbip.o
 .rodata.usb_pstd_pcd_task
                0x0000ac6c       0x70 ./ra/fsp/src/r_usb_basic/src/driver/r_usb_pdriver.o
 .rodata.usb_pstd_stand_req1
                0x0000acdc       0x20 ./ra/fsp/src/r_usb_basic/src/driver/r_usb_pstdrequest.o
 .rodata.usb_peri_class_request
                0x0000acfc       0x18 ./ra/fsp/src/r_usb_basic/src/driver/r_usb_pstdrequest.o
 .rodata.R_USB_Open
                0x0000ad14       0x30 ./ra/fsp/src/r_usb_basic/r_usb_basic.o
 .rodata.g_external_irq_on_icu
                0x0000ad44       0x18 ./ra/fsp/src/r_icu/r_icu.o
                0x0000ad44                g_external_irq_on_icu
 .rodata.g_icu_version
                0x0000ad5c        0x4 ./ra/fsp/src/r_icu/r_icu.o
 .rodata.g_gpt_version
                0x0000ad60        0x4 ./ra/fsp/src/r_gpt/r_gpt.o
 .rodata.g_timer_on_gpt
                0x0000ad64       0x34 ./ra/fsp/src/r_gpt/r_gpt.o
                0x0000ad64                g_timer_on_gpt
 .rodata.adc_elc_trigger_lut
                0x0000ad98        0xc ./ra/fsp/src/r_adc/r_adc.o
 .rodata.g_adc_on_adc
                0x0000ada4       0x34 ./ra/fsp/src/r_adc/r_adc.o
                0x0000ada4                g_adc_on_adc
 .rodata.g_adc_version
                0x0000add8        0x4 ./ra/fsp/src/r_adc/r_adc.o
 .rodata.g_prcr_masks
                0x0000addc        0x8 ./ra/fsp/src/bsp/mcu/all/bsp_register_protection.o
 .rodata.g_bsp_leds
                0x0000ade4        0x8 ./ra/board/ra2a1_ek/board_leds.o
                0x0000ade4                g_bsp_leds
 .rodata.g_bsp_prv_leds
                0x0000adec        0x2 ./ra/board/ra2a1_ek/board_leds.o
 *fill*         0x0000adee        0x2 ff
 .rodata        0x0000adf0       0x40 c:/renesas/ra/e2studio_v2020-10_fsp_v2.1.0/toolchains/gcc_arm/9_2019q4/bin/../lib/gcc/arm-none-eabi/9.2.1/thumb/v8-m.base/nofp\libgcc.a(mulsf3.o)
 .rodata._printf_float.str1.1
                0x0000ae30       0x12 c:/renesas/ra/e2studio_v2020-10_fsp_v2.1.0/toolchains/gcc_arm/9_2019q4/bin/../lib/gcc/arm-none-eabi/9.2.1/../../../../arm-none-eabi/lib/thumb/v8-m.base/nofp\libg_nano.a(lib_a-nano-vfprintf_float.o)
 .rodata._printf_i.str1.1
                0x0000ae42       0x22 c:/renesas/ra/e2studio_v2020-10_fsp_v2.1.0/toolchains/gcc_arm/9_2019q4/bin/../lib/gcc/arm-none-eabi/9.2.1/../../../../arm-none-eabi/lib/thumb/v8-m.base/nofp\libg_nano.a(lib_a-nano-vfprintf_i.o)
 .rodata._dtoa_r.str1.1
                0x0000ae64        0xd c:/renesas/ra/e2studio_v2020-10_fsp_v2.1.0/toolchains/gcc_arm/9_2019q4/bin/../lib/gcc/arm-none-eabi/9.2.1/../../../../arm-none-eabi/lib/thumb/v8-m.base/nofp\libg_nano.a(lib_a-dtoa.o)
                                  0xf (size before relaxing)
 *fill*         0x0000ae71        0x7 ff
 .rodata.__mprec_bigtens
                0x0000ae78       0x28 c:/renesas/ra/e2studio_v2020-10_fsp_v2.1.0/toolchains/gcc_arm/9_2019q4/bin/../lib/gcc/arm-none-eabi/9.2.1/../../../../arm-none-eabi/lib/thumb/v8-m.base/nofp\libg_nano.a(lib_a-mprec.o)
                0x0000ae78                __mprec_bigtens
 .rodata.__mprec_tens
                0x0000aea0       0xc8 c:/renesas/ra/e2studio_v2020-10_fsp_v2.1.0/toolchains/gcc_arm/9_2019q4/bin/../lib/gcc/arm-none-eabi/9.2.1/../../../../arm-none-eabi/lib/thumb/v8-m.base/nofp\libg_nano.a(lib_a-mprec.o)
                0x0000aea0                __mprec_tens
 .rodata.p05.6127
                0x0000af68        0xc c:/renesas/ra/e2studio_v2020-10_fsp_v2.1.0/toolchains/gcc_arm/9_2019q4/bin/../lib/gcc/arm-none-eabi/9.2.1/../../../../arm-none-eabi/lib/thumb/v8-m.base/nofp\libg_nano.a(lib_a-mprec.o)
 .rodata._svfprintf_r.str1.1
                0x0000af74       0x11 c:/renesas/ra/e2studio_v2020-10_fsp_v2.1.0/toolchains/gcc_arm/9_2019q4/bin/../lib/gcc/arm-none-eabi/9.2.1/../../../../arm-none-eabi/lib/thumb/v8-m.base/nofp\libg_nano.a(lib_a-nano-svfprintf.o)
 .rodata._setlocale_r.str1.1
                0x0000af85        0x8 c:/renesas/ra/e2studio_v2020-10_fsp_v2.1.0/toolchains/gcc_arm/9_2019q4/bin/../lib/gcc/arm-none-eabi/9.2.1/../../../../arm-none-eabi/lib/thumb/v8-m.base/nofp\libg_nano.a(lib_a-locale.o)
                                  0x9 (size before relaxing)
 .rodata.str1.1
                0x0000af8d        0x2 c:/renesas/ra/e2studio_v2020-10_fsp_v2.1.0/toolchains/gcc_arm/9_2019q4/bin/../lib/gcc/arm-none-eabi/9.2.1/../../../../arm-none-eabi/lib/thumb/v8-m.base/nofp\libg_nano.a(lib_a-locale.o)
 .rodata._ctype_
                0x0000af8f      0x101 c:/renesas/ra/e2studio_v2020-10_fsp_v2.1.0/toolchains/gcc_arm/9_2019q4/bin/../lib/gcc/arm-none-eabi/9.2.1/../../../../arm-none-eabi/lib/thumb/v8-m.base/nofp\libg_nano.a(lib_a-ctype_.o)
                0x0000af8f                _ctype_
 .rodata        0x0000b090       0x40 c:/renesas/ra/e2studio_v2020-10_fsp_v2.1.0/toolchains/gcc_arm/9_2019q4/bin/../lib/gcc/arm-none-eabi/9.2.1/thumb/v8-m.base/nofp\libgcc.a(divdf3.o)
 .rodata        0x0000b0d0       0x40 c:/renesas/ra/e2studio_v2020-10_fsp_v2.1.0/toolchains/gcc_arm/9_2019q4/bin/../lib/gcc/arm-none-eabi/9.2.1/thumb/v8-m.base/nofp\libgcc.a(muldf3.o)
 .rodata.__sf_fake_stderr
                0x0000b110       0x20 c:/renesas/ra/e2studio_v2020-10_fsp_v2.1.0/toolchains/gcc_arm/9_2019q4/bin/../lib/gcc/arm-none-eabi/9.2.1/../../../../arm-none-eabi/lib/thumb/v8-m.base/nofp\libc_nano.a(lib_a-findfp.o)
                0x0000b110                __sf_fake_stderr
 .rodata.__sf_fake_stdin
                0x0000b130       0x20 c:/renesas/ra/e2studio_v2020-10_fsp_v2.1.0/toolchains/gcc_arm/9_2019q4/bin/../lib/gcc/arm-none-eabi/9.2.1/../../../../arm-none-eabi/lib/thumb/v8-m.base/nofp\libc_nano.a(lib_a-findfp.o)
                0x0000b130                __sf_fake_stdin
 .rodata.__sf_fake_stdout
                0x0000b150       0x20 c:/renesas/ra/e2studio_v2020-10_fsp_v2.1.0/toolchains/gcc_arm/9_2019q4/bin/../lib/gcc/arm-none-eabi/9.2.1/../../../../arm-none-eabi/lib/thumb/v8-m.base/nofp\libc_nano.a(lib_a-findfp.o)
                0x0000b150                __sf_fake_stdout
                0x0000b170                __usb_dev_descriptor_start_fs = .
 *(.usb_device_desc_fs*)
                0x0000b170                __usb_cfg_descriptor_start_fs = .
 *(.usb_config_desc_fs*)
                0x0000b170                __usb_interface_descriptor_start_fs = .
 *(.usb_interface_desc_fs*)
                0x0000b170                __usb_descriptor_end_fs = .
                0x0000b170                __usb_dev_descriptor_start_hs = .
 *(.usb_device_desc_hs*)
                0x0000b170                __usb_cfg_descriptor_start_hs = .
 *(.usb_config_desc_hs*)
                0x0000b170                __usb_interface_descriptor_start_hs = .
 *(.usb_interface_desc_hs*)
                0x0000b170                __usb_descriptor_end_hs = .
 *(.eh_frame*)
 .eh_frame      0x0000b170        0x0 c:/renesas/ra/e2studio_v2020-10_fsp_v2.1.0/toolchains/gcc_arm/9_2019q4/bin/../lib/gcc/arm-none-eabi/9.2.1/thumb/v8-m.base/nofp/crtbegin.o
 .eh_frame      0x0000b170        0x4 c:/renesas/ra/e2studio_v2020-10_fsp_v2.1.0/toolchains/gcc_arm/9_2019q4/bin/../lib/gcc/arm-none-eabi/9.2.1/thumb/v8-m.base/nofp/crtend.o
                0x0000b174                __ROM_End = .
                0x000000c0                __Vectors_Size = (__Vectors_End - __Vectors)

.glue_7         0x0000b174        0x0
 .glue_7        0x0000b174        0x0 linker stubs

.glue_7t        0x0000b174        0x0
 .glue_7t       0x0000b174        0x0 linker stubs

.vfp11_veneer   0x0000b174        0x0
 .vfp11_veneer  0x0000b174        0x0 linker stubs

.v4_bx          0x0000b174        0x0
 .v4_bx         0x0000b174        0x0 linker stubs

.iplt           0x0000b174        0x0
 .iplt          0x0000b174        0x0 c:/renesas/ra/e2studio_v2020-10_fsp_v2.1.0/toolchains/gcc_arm/9_2019q4/bin/../lib/gcc/arm-none-eabi/9.2.1/thumb/v8-m.base/nofp/crtbegin.o

.ARM.extab
 *(.ARM.extab* .gnu.linkonce.armextab.*)
                0x0000b174                __exidx_start = .

.ARM.exidx
 *(.ARM.exidx* .gnu.linkonce.armexidx.*)
                0x0000b174                __exidx_end = .
                0x0000b174                __etext = .
                0x20000000                __tz_RAM_S = ORIGIN (RAM)

.fsp_dtc_vector_table
                0x20000000        0x0
                0x20000000                . = ORIGIN (RAM)
 *(.fsp_dtc_vector_table)

.data           0x20000000      0x6a4 load address 0x0000b174
                0x20000000                __data_start__ = .
                0x20000000                . = ALIGN (0x4)
                0x20000000                __Code_In_RAM_Start = .
 *(.code_in_ram*)
                0x20000000                __Code_In_RAM_End = .
 *(vtable)
 *(.data.*)
 .data.g_curr_led_freq
                0x20000000        0x4 ./src/common_init.o
                0x20000000                g_curr_led_freq
 .data.pwm_rates
                0x20000004        0xc ./src/common_init.o
                0x20000004                pwm_rates
 .data.nextsteps
                0x20000010      0x200 ./src/hal_entry.o
                0x20000010                nextsteps
 .data.p_kit_menu_ret
                0x20000210        0x4 ./src/hal_entry.o
                0x20000210                p_kit_menu_ret
 .data.p_led_freq
                0x20000214        0x4 ./src/hal_entry.o
                0x20000214                p_led_freq
 .data.p_mcu_temp
                0x20000218        0x4 ./src/hal_entry.o
                0x20000218                p_mcu_temp
 .data.p_welcome
                0x2000021c       0xc8 ./src/hal_entry.o
                0x2000021c                p_welcome
 .data.g_apl_configuration
                0x200002e4       0x44 ./src/r_usb_pcdc_descriptor.o
                0x200002e4                g_apl_configuration
 .data.g_apl_device
                0x20000328       0x12 ./src/r_usb_pcdc_descriptor.o
                0x20000328                g_apl_device
 *fill*         0x2000033a        0x2 
 .data.g_apl_hs_configuration
                0x2000033c       0x44 ./src/r_usb_pcdc_descriptor.o
                0x2000033c                g_apl_hs_configuration
 .data.g_apl_qualifier_descriptor
                0x20000380        0xa ./src/r_usb_pcdc_descriptor.o
                0x20000380                g_apl_qualifier_descriptor
 *fill*         0x2000038a        0x2 
 .data.g_apl_string_table
                0x2000038c       0x1c ./src/r_usb_pcdc_descriptor.o
                0x2000038c                g_apl_string_table
 .data.g_cdc_string_descriptor0
                0x200003a8        0x4 ./src/r_usb_pcdc_descriptor.o
                0x200003a8                g_cdc_string_descriptor0
 .data.g_cdc_string_descriptor1
                0x200003ac       0x10 ./src/r_usb_pcdc_descriptor.o
                0x200003ac                g_cdc_string_descriptor1
 .data.g_cdc_string_descriptor2
                0x200003bc       0x2c ./src/r_usb_pcdc_descriptor.o
                0x200003bc                g_cdc_string_descriptor2
 .data.g_cdc_string_descriptor3
                0x200003e8       0x2e ./src/r_usb_pcdc_descriptor.o
                0x200003e8                g_cdc_string_descriptor3
 *fill*         0x20000416        0x2 
 .data.g_cdc_string_descriptor4
                0x20000418       0x16 ./src/r_usb_pcdc_descriptor.o
                0x20000418                g_cdc_string_descriptor4
 *fill*         0x2000042e        0x2 
 .data.g_cdc_string_descriptor5
                0x20000430       0x12 ./src/r_usb_pcdc_descriptor.o
                0x20000430                g_cdc_string_descriptor5
 *fill*         0x20000442        0x2 
 .data.g_cdc_string_descriptor6
                0x20000444       0x1c ./src/r_usb_pcdc_descriptor.o
                0x20000444                g_cdc_string_descriptor6
 .data.g_usb_callback
                0x20000460       0x60 ./ra/fsp/src/r_usb_basic/src/driver/r_usb_cdataio.o
                0x20000460                g_usb_callback
 .data.g_usb_pcdc_serialstate_table
                0x200004c0        0xa ./ra/fsp/src/r_usb_basic/src/driver/r_usb_cdataio.o
                0x200004c0                g_usb_pcdc_serialstate_table
 *fill*         0x200004ca        0x2 
 .data._impure_ptr
                0x200004cc        0x4 c:/renesas/ra/e2studio_v2020-10_fsp_v2.1.0/toolchains/gcc_arm/9_2019q4/bin/../lib/gcc/arm-none-eabi/9.2.1/../../../../arm-none-eabi/lib/thumb/v8-m.base/nofp\libg_nano.a(lib_a-impure.o)
                0x200004cc                _impure_ptr
 .data.impure_data
                0x200004d0       0x60 c:/renesas/ra/e2studio_v2020-10_fsp_v2.1.0/toolchains/gcc_arm/9_2019q4/bin/../lib/gcc/arm-none-eabi/9.2.1/../../../../arm-none-eabi/lib/thumb/v8-m.base/nofp\libg_nano.a(lib_a-impure.o)
 .data.__global_locale
                0x20000530      0x16c c:/renesas/ra/e2studio_v2020-10_fsp_v2.1.0/toolchains/gcc_arm/9_2019q4/bin/../lib/gcc/arm-none-eabi/9.2.1/../../../../arm-none-eabi/lib/thumb/v8-m.base/nofp\libg_nano.a(lib_a-locale.o)
                0x20000530                __global_locale
 *(.data)
                0x2000069c                . = ALIGN (0x4)
                0x2000069c                PROVIDE (__preinit_array_start = .)
 *(.preinit_array)
                0x2000069c                PROVIDE (__preinit_array_end = .)
                0x2000069c                . = ALIGN (0x4)
                0x2000069c                PROVIDE (__init_array_start = .)
 *(SORT_BY_NAME(.init_array.*))
 *(.init_array)
 .init_array    0x2000069c        0x4 c:/renesas/ra/e2studio_v2020-10_fsp_v2.1.0/toolchains/gcc_arm/9_2019q4/bin/../lib/gcc/arm-none-eabi/9.2.1/thumb/v8-m.base/nofp/crtbegin.o
                0x200006a0                PROVIDE (__init_array_end = .)
                0x200006a0                . = ALIGN (0x4)
                [!provide]                PROVIDE (__fini_array_start = .)
 *(SORT_BY_NAME(.fini_array.*))
 *(.fini_array)
 .fini_array    0x200006a0        0x4 c:/renesas/ra/e2studio_v2020-10_fsp_v2.1.0/toolchains/gcc_arm/9_2019q4/bin/../lib/gcc/arm-none-eabi/9.2.1/thumb/v8-m.base/nofp/crtbegin.o
                [!provide]                PROVIDE (__fini_array_end = .)
 *(.jcr*)
                0x200006a4                . = ALIGN (0x4)
                0x200006a4                __data_end__ = .

.igot.plt       0x200006a4        0x0 load address 0x0000b818
 .igot.plt      0x200006a4        0x0 c:/renesas/ra/e2studio_v2020-10_fsp_v2.1.0/toolchains/gcc_arm/9_2019q4/bin/../lib/gcc/arm-none-eabi/9.2.1/thumb/v8-m.base/nofp/crtbegin.o

.gnu.sgstubs    0x0000bc00        0x0
                0x0000bc00                . = DEFINED (FLASH_NSC_START)?ABSOLUTE (FLASH_NSC_START):ALIGN (0x400)
                0x0000bc00                __tz_FLASH_C = DEFINED (FLASH_NSC_START)?ABSOLUTE (FLASH_NSC_START):__RESERVE_NS_RAM?ABSOLUTE ((FLASH_START + FLASH_LENGTH)):ALIGN (0x400)
                0x0000bc00                _start_sg = .
 *(.gnu.sgstubs*)
                0x0000bc00                . = ALIGN (0x20)
                0x0000bc00                _end_sg = .
                0x00010000                __tz_FLASH_N = DEFINED (FLASH_NS_START)?ABSOLUTE (FLASH_NS_START):__RESERVE_NS_RAM?ABSOLUTE ((FLASH_START + FLASH_LENGTH)):ALIGN (0x8000)
                0x60000000                __tz_QSPI_FLASH_S = ORIGIN (QSPI_FLASH)

.qspi_flash     0x60000000        0x0
                0x60000000                __qspi_flash_start__ = .
 *(.qspi_flash*)
 *(.code_in_qspi*)
                0x60000000                __qspi_flash_end__ = .
                0x00000000                __qspi_flash_code_size__ = (__qspi_flash_end__ - __qspi_flash_start__)
                0x0000b818                __qspi_flash_code_addr__ = (__etext + (__data_end__ - __data_start__))

.qspi_non_retentive
                0x60000000        0x0 load address 0x0000b818
                0x60000000                __qspi_non_retentive_start__ = .
 *(.qspi_non_retentive*)
                0x60000000                __qspi_non_retentive_end__ = .
                0x00000000                __qspi_non_retentive_size__ = (__qspi_non_retentive_end__ - __qspi_non_retentive_start__)
                0x04000000                __qspi_region_max_size__ = 0x4000000
                0x60000000                __qspi_region_start_address__ = __qspi_flash_start__
                0x64000000                __qspi_region_end_address__ = (__qspi_flash_start__ + __qspi_region_max_size__)
                0x60000000                __tz_QSPI_FLASH_N = __qspi_non_retentive_end__
                0x68000000                __tz_OSPI_DEVICE_0_S = ORIGIN (OSPI_DEVICE_0)

.OSPI_DEVICE_0  0x68000000        0x0
                0x68000000                __ospi_device_0_start__ = .
 *(.ospi_device_0*)
 *(.code_in_ospi_device_0*)
                0x68000000                __ospi_device_0_end__ = .
                0x00000000                __ospi_device_0_code_size__ = (__ospi_device_0_end__ - __ospi_device_0_start__)
                0x0000b818                __ospi_device_0_code_addr__ = (__etext + (__data_end__ - __data_start__))

.ospi_device_0_non_retentive
                0x68000000        0x0 load address 0x0000b818
                0x68000000                __ospi_device_0_non_retentive_start__ = .
 *(.ospi_device_0_non_retentive*)
                0x68000000                __ospi_device_0_non_retentive_end__ = .
                0x00000000                __ospi_device_0_non_retentive_size__ = (__ospi_device_0_non_retentive_end__ - __ospi_device_0_non_retentive_start__)
                0x08000000                __ospi_device_0_region_max_size__ = 0x8000000
                0x68000000                __ospi_device_0_region_start_address__ = __ospi_device_0_start__
                0x70000000                __ospi_device_0_region_end_address__ = (__ospi_device_0_start__ + __ospi_device_0_region_max_size__)
                0x68000000                __tz_OSPI_DEVICE_0_N = __ospi_device_0_non_retentive_end__